Archive member included to satisfy reference by file (symbol)

/usr/lib/gcc/arm-none-eabi/12.2.1/thumb/v6-m/nofp/libgcc.a(_dvmd_tls.o)
                              CMakeFiles/soil-sensor.dir/home/sheldon/pico/pico-sdk/src/rp2_common/pico_divider/divider.S.obj (__aeabi_idiv0)
/usr/lib/gcc/arm-none-eabi/12.2.1/../../../arm-none-eabi/lib/thumb/v6-m/nofp/libc.a(lib_a-atexit.o)
                              /usr/lib/gcc/arm-none-eabi/12.2.1/../../../arm-none-eabi/lib/thumb/v6-m/nofp/crt0.o (atexit)
/usr/lib/gcc/arm-none-eabi/12.2.1/../../../arm-none-eabi/lib/thumb/v6-m/nofp/libc.a(lib_a-calloc.o)
                              CMakeFiles/soil-sensor.dir/home/sheldon/pico/pico-sdk/src/rp2_common/pico_malloc/pico_malloc.c.obj (calloc)
/usr/lib/gcc/arm-none-eabi/12.2.1/../../../arm-none-eabi/lib/thumb/v6-m/nofp/libc.a(lib_a-callocr.o)
                              /usr/lib/gcc/arm-none-eabi/12.2.1/../../../arm-none-eabi/lib/thumb/v6-m/nofp/libc.a(lib_a-calloc.o) (_calloc_r)
/usr/lib/gcc/arm-none-eabi/12.2.1/../../../arm-none-eabi/lib/thumb/v6-m/nofp/libc.a(lib_a-fini.o)
                              /usr/lib/gcc/arm-none-eabi/12.2.1/../../../arm-none-eabi/lib/thumb/v6-m/nofp/crt0.o (__libc_fini_array)
/usr/lib/gcc/arm-none-eabi/12.2.1/../../../arm-none-eabi/lib/thumb/v6-m/nofp/libc.a(lib_a-impure.o)
                              /usr/lib/gcc/arm-none-eabi/12.2.1/../../../arm-none-eabi/lib/thumb/v6-m/nofp/libc.a(lib_a-calloc.o) (_impure_ptr)
/usr/lib/gcc/arm-none-eabi/12.2.1/../../../arm-none-eabi/lib/thumb/v6-m/nofp/libc.a(lib_a-init.o)
                              /usr/lib/gcc/arm-none-eabi/12.2.1/../../../arm-none-eabi/lib/thumb/v6-m/nofp/crt0.o (__libc_init_array)
/usr/lib/gcc/arm-none-eabi/12.2.1/../../../arm-none-eabi/lib/thumb/v6-m/nofp/libc.a(lib_a-malloc.o)
                              CMakeFiles/soil-sensor.dir/home/sheldon/pico/pico-sdk/src/rp2_common/pico_malloc/pico_malloc.c.obj (malloc)
/usr/lib/gcc/arm-none-eabi/12.2.1/../../../arm-none-eabi/lib/thumb/v6-m/nofp/libc.a(lib_a-mallocr.o)
                              /usr/lib/gcc/arm-none-eabi/12.2.1/../../../arm-none-eabi/lib/thumb/v6-m/nofp/libc.a(lib_a-callocr.o) (_malloc_r)
/usr/lib/gcc/arm-none-eabi/12.2.1/../../../arm-none-eabi/lib/thumb/v6-m/nofp/libc.a(lib_a-memcmp.o)
                              CMakeFiles/soil-sensor.dir/home/sheldon/pico/pico-sdk/lib/cyw43-driver/src/cyw43_ll.c.obj (memcmp)
/usr/lib/gcc/arm-none-eabi/12.2.1/../../../arm-none-eabi/lib/thumb/v6-m/nofp/libc.a(lib_a-memmove.o)
                              CMakeFiles/soil-sensor.dir/home/sheldon/pico/pico-sdk/lib/cyw43-driver/src/cyw43_ll.c.obj (memmove)
/usr/lib/gcc/arm-none-eabi/12.2.1/../../../arm-none-eabi/lib/thumb/v6-m/nofp/libc.a(lib_a-mlock.o)
                              /usr/lib/gcc/arm-none-eabi/12.2.1/../../../arm-none-eabi/lib/thumb/v6-m/nofp/libc.a(lib_a-mallocr.o) (__malloc_lock)
/usr/lib/gcc/arm-none-eabi/12.2.1/../../../arm-none-eabi/lib/thumb/v6-m/nofp/libc.a(lib_a-realloc.o)
                              CMakeFiles/soil-sensor.dir/home/sheldon/pico/pico-sdk/src/rp2_common/pico_malloc/pico_malloc.c.obj (realloc)
/usr/lib/gcc/arm-none-eabi/12.2.1/../../../arm-none-eabi/lib/thumb/v6-m/nofp/libc.a(lib_a-reallocr.o)
                              /usr/lib/gcc/arm-none-eabi/12.2.1/../../../arm-none-eabi/lib/thumb/v6-m/nofp/libc.a(lib_a-realloc.o) (_realloc_r)
/usr/lib/gcc/arm-none-eabi/12.2.1/../../../arm-none-eabi/lib/thumb/v6-m/nofp/libc.a(lib_a-sbrkr.o)
                              /usr/lib/gcc/arm-none-eabi/12.2.1/../../../arm-none-eabi/lib/thumb/v6-m/nofp/libc.a(lib_a-mallocr.o) (_sbrk_r)
/usr/lib/gcc/arm-none-eabi/12.2.1/../../../arm-none-eabi/lib/thumb/v6-m/nofp/libc.a(lib_a-strlen-stub.o)
                              CMakeFiles/soil-sensor.dir/home/sheldon/pico/pico-sdk/src/rp2_common/pico_stdio/stdio.c.obj (strlen)
/usr/lib/gcc/arm-none-eabi/12.2.1/../../../arm-none-eabi/lib/thumb/v6-m/nofp/libc.a(lib_a-strncmp.o)
                              CMakeFiles/soil-sensor.dir/home/sheldon/pico/pico-sdk/lib/cyw43-driver/src/cyw43_ll.c.obj (strncmp)
/usr/lib/gcc/arm-none-eabi/12.2.1/../../../arm-none-eabi/lib/thumb/v6-m/nofp/libc.a(lib_a-__atexit.o)
                              /usr/lib/gcc/arm-none-eabi/12.2.1/../../../arm-none-eabi/lib/thumb/v6-m/nofp/libc.a(lib_a-atexit.o) (__register_exitproc)
/usr/lib/gcc/arm-none-eabi/12.2.1/../../../arm-none-eabi/lib/thumb/v6-m/nofp/libc.a(lib_a-freer.o)
                              /usr/lib/gcc/arm-none-eabi/12.2.1/../../../arm-none-eabi/lib/thumb/v6-m/nofp/libc.a(lib_a-malloc.o) (_free_r)
/usr/lib/gcc/arm-none-eabi/12.2.1/../../../arm-none-eabi/lib/thumb/v6-m/nofp/libc.a(lib_a-reent.o)
                              /usr/lib/gcc/arm-none-eabi/12.2.1/../../../arm-none-eabi/lib/thumb/v6-m/nofp/libc.a(lib_a-sbrkr.o) (errno)

Discarded input sections

 .text          0x00000000        0x0 /usr/lib/gcc/arm-none-eabi/12.2.1/thumb/v6-m/nofp/crti.o
[...]
Memory Configuration

Name             Origin             Length             Attributes
FLASH            0x10000000         0x00200000         xr
RAM              0x20000000         0x00040000         xrw
SCRATCH_X        0x20040000         0x00001000         xrw
SCRATCH_Y        0x20041000         0x00001000         xrw
*default*        0x00000000         0xffffffff

Linker script and memory map

LOAD /usr/lib/gcc/arm-none-eabi/12.2.1/thumb/v6-m/nofp/crti.o
LOAD /usr/lib/gcc/arm-none-eabi/12.2.1/thumb/v6-m/nofp/crtbegin.o
LOAD /usr/lib/gcc/arm-none-eabi/12.2.1/../../../arm-none-eabi/lib/thumb/v6-m/nofp/crt0.o

.flash_begin    0x10000000        0x0
                0x10000000                __flash_binary_start = .

.boot2          0x10000000      0x100
                0x10000000                __boot2_start__ = .
 *(.boot2)
 .boot2         0x10000000      0x100 /tmp/cc4tzIbn.o
                0x10000100                __boot2_end__ = .
                0x00000001                ASSERT (((__boot2_end__ - __boot2_start__) == 0x100), ERROR: Pico second stage bootloader must be 256 bytes in size)

.text           0x10000100     0x82b0
                0x10000100                __logical_binary_start = .
 *(.vectors)
 .vectors       0x10000100       0xd4 CMakeFiles/soil-sensor.dir/home/sheldon/pico/pico-sdk/src/rp2_common/pico_standard_link/crt0.S.obj
                0x10000100                __vectors
                0x10000100                __VECTOR_TABLE
                0x100001c0                isr_invalid
                0x100001c0                __default_isrs_start
                0x100001c2                isr_nmi
                0x100001c4                isr_hardfault
                0x100001c6                isr_svcall
                0x100001c8                isr_pendsv
                0x100001ca                isr_systick
                0x100001cc                isr_irq30
                0x100001cc                __unhandled_user_irq
                0x100001cc                isr_irq13
                0x100001cc                isr_irq27
                0x100001cc                isr_irq31
                0x100001cc                isr_irq5
                0x100001cc                isr_irq11
                0x100001cc                isr_irq23
                0x100001cc                isr_irq18
                0x100001cc                isr_irq28
                0x100001cc                isr_irq19
                0x100001cc                isr_irq0
                0x100001cc                isr_irq6
                0x100001cc                isr_irq22
                0x100001cc                isr_irq17
                0x100001cc                isr_irq14
                0x100001cc                isr_irq2
                0x100001cc                isr_irq10
                0x100001cc                isr_irq8
                0x100001cc                isr_irq24
                0x100001cc                isr_irq1
                0x100001cc                isr_irq7
                0x100001cc                isr_irq21
                0x100001cc                isr_irq20
                0x100001cc                isr_irq15
                0x100001cc                isr_irq25
                0x100001cc                isr_irq4
                0x100001cc                isr_irq16
                0x100001cc                isr_irq29
                0x100001cc                isr_irq26
                0x100001cc                __default_isrs_end
                0x100001cc                isr_irq3
                0x100001cc                isr_irq12
                0x100001cc                isr_irq9
                0x100001d2                unhandled_user_irq_num_in_r0
 *(.binary_info_header)
 .binary_info_header
                0x100001d4       0x14 CMakeFiles/soil-sensor.dir/home/sheldon/pico/pico-sdk/src/rp2_common/pico_standard_link/crt0.S.obj
                0x100001e8                __binary_info_header_end = .
 *(.reset)
 .reset         0x100001e8       0xa0 CMakeFiles/soil-sensor.dir/home/sheldon/pico/pico-sdk/src/rp2_common/pico_standard_link/crt0.S.obj
                0x100001e8                _entry_point
 .reset         0x10000288       0x30 CMakeFiles/soil-sensor.dir/home/sheldon/pico/pico-sdk/src/rp2_common/pico_standard_link/binary_info.c.obj
 *(.init)
 .init          0x100002b8        0x4 /usr/lib/gcc/arm-none-eabi/12.2.1/thumb/v6-m/nofp/crti.o
                0x100002b8                _init
 *(EXCLUDE_FILE(*libm.a: *libc.a:*lib_a-mem*.o *libgcc.a:) .text*)
 .text          0x100002bc       0x98 /usr/lib/gcc/arm-none-eabi/12.2.1/thumb/v6-m/nofp/crtbegin.o
 .text.startup.main
                0x10000354       0xb0 CMakeFiles/soil-sensor.dir/soil-sensor.c.obj
                0x10000354                main
 .text.gpio_set_function
                0x10000404       0x30 CMakeFiles/soil-sensor.dir/home/sheldon/pico/pico-sdk/src/rp2_common/hardware_gpio/gpio.c.obj
                0x10000404                gpio_set_function
 .text.gpio_set_pulls
                0x10000434       0x24 CMakeFiles/soil-sensor.dir/home/sheldon/pico/pico-sdk/src/rp2_common/hardware_gpio/gpio.c.obj
                0x10000434                gpio_set_pulls
 .text.gpio_set_input_hysteresis_enabled
                0x10000458       0x28 CMakeFiles/soil-sensor.dir/home/sheldon/pico/pico-sdk/src/rp2_common/hardware_gpio/gpio.c.obj
                0x10000458                gpio_set_input_hysteresis_enabled
 .text.gpio_set_irq_enabled
                0x10000480       0x54 CMakeFiles/soil-sensor.dir/home/sheldon/pico/pico-sdk/src/rp2_common/hardware_gpio/gpio.c.obj
                0x10000480                gpio_set_irq_enabled
 .text.gpio_add_raw_irq_handler_with_order_priority_masked
                0x100004d4       0x44 CMakeFiles/soil-sensor.dir/home/sheldon/pico/pico-sdk/src/rp2_common/hardware_gpio/gpio.c.obj
                0x100004d4                gpio_add_raw_irq_handler_with_order_priority_masked
 .text.gpio_remove_raw_irq_handler_masked
                0x10000518       0x20 CMakeFiles/soil-sensor.dir/home/sheldon/pico/pico-sdk/src/rp2_common/hardware_gpio/gpio.c.obj
                0x10000518                gpio_remove_raw_irq_handler_masked
 .text.gpio_set_input_enabled
                0x10000538       0x28 CMakeFiles/soil-sensor.dir/home/sheldon/pico/pico-sdk/src/rp2_common/hardware_gpio/gpio.c.obj
                0x10000538                gpio_set_input_enabled
 .text.gpio_init
                0x10000560       0x3c CMakeFiles/soil-sensor.dir/home/sheldon/pico/pico-sdk/src/rp2_common/hardware_gpio/gpio.c.obj
                0x10000560                gpio_init
 .text.running_on_fpga
                0x1000059c       0x10 CMakeFiles/soil-sensor.dir/home/sheldon/pico/pico-sdk/src/rp2_common/pico_platform/platform.c.obj
                0x1000059c                running_on_fpga
 .text.hw_claim_lock
                0x100005ac       0x18 CMakeFiles/soil-sensor.dir/home/sheldon/pico/pico-sdk/src/rp2_common/hardware_claim/claim.c.obj
                0x100005ac                hw_claim_lock
 .text.hw_claim_unlock
                0x100005c4       0x14 CMakeFiles/soil-sensor.dir/home/sheldon/pico/pico-sdk/src/rp2_common/hardware_claim/claim.c.obj
                0x100005c4                hw_claim_unlock
 .text.hw_claim_or_assert
                0x100005d8       0x44 CMakeFiles/soil-sensor.dir/home/sheldon/pico/pico-sdk/src/rp2_common/hardware_claim/claim.c.obj
                0x100005d8                hw_claim_or_assert
 .text.hw_claim_unused_from_range
                0x1000061c       0x9c CMakeFiles/soil-sensor.dir/home/sheldon/pico/pico-sdk/src/rp2_common/hardware_claim/claim.c.obj
                0x1000061c                hw_claim_unused_from_range
 .text.hw_claim_clear
                0x100006b8       0x38 CMakeFiles/soil-sensor.dir/home/sheldon/pico/pico-sdk/src/rp2_common/hardware_claim/claim.c.obj
                0x100006b8                hw_claim_clear
 .text.spin_locks_reset
                0x100006f0       0x1c CMakeFiles/soil-sensor.dir/home/sheldon/pico/pico-sdk/src/rp2_common/hardware_sync/sync.c.obj
                0x100006f0                spin_locks_reset
 .text.next_striped_spin_lock_num
                0x1000070c       0x18 CMakeFiles/soil-sensor.dir/home/sheldon/pico/pico-sdk/src/rp2_common/hardware_sync/sync.c.obj
                0x1000070c                next_striped_spin_lock_num
 .text.irq_set_enabled
                0x10000724       0x24 CMakeFiles/soil-sensor.dir/home/sheldon/pico/pico-sdk/src/rp2_common/hardware_irq/irq.c.obj
                0x10000724                irq_set_enabled
 .text.irq_set_pending
                0x10000748       0x10 CMakeFiles/soil-sensor.dir/home/sheldon/pico/pico-sdk/src/rp2_common/hardware_irq/irq.c.obj
                0x10000748                irq_set_pending
 .text.irq_get_vtable_handler
                0x10000758       0x10 CMakeFiles/soil-sensor.dir/home/sheldon/pico/pico-sdk/src/rp2_common/hardware_irq/irq.c.obj
                0x10000758                irq_get_vtable_handler
 .text.irq_set_exclusive_handler
                0x10000768       0x54 CMakeFiles/soil-sensor.dir/home/sheldon/pico/pico-sdk/src/rp2_common/hardware_irq/irq.c.obj
                0x10000768                irq_set_exclusive_handler
 .text.irq_add_shared_handler
                0x100007bc      0x1f4 CMakeFiles/soil-sensor.dir/home/sheldon/pico/pico-sdk/src/rp2_common/hardware_irq/irq.c.obj
                0x100007bc                irq_add_shared_handler
 .text.irq_remove_handler
                0x100009b0      0x1c4 CMakeFiles/soil-sensor.dir/home/sheldon/pico/pico-sdk/src/rp2_common/hardware_irq/irq.c.obj
                0x100009b0                irq_remove_handler
 .text.irq_set_priority
                0x10000b74       0x28 CMakeFiles/soil-sensor.dir/home/sheldon/pico/pico-sdk/src/rp2_common/hardware_irq/irq.c.obj
                0x10000b74                irq_set_priority
 .text.irq_add_tail_to_free_list
                0x10000b9c       0xb4 CMakeFiles/soil-sensor.dir/home/sheldon/pico/pico-sdk/src/rp2_common/hardware_irq/irq.c.obj
                0x10000b9c                irq_add_tail_to_free_list
 .text.irq_init_priorities
                0x10000c50       0x24 CMakeFiles/soil-sensor.dir/home/sheldon/pico/pico-sdk/src/rp2_common/hardware_irq/irq.c.obj
                0x10000c50                irq_init_priorities
 .text.user_irq_unclaim
                0x10000c74       0x14 CMakeFiles/soil-sensor.dir/home/sheldon/pico/pico-sdk/src/rp2_common/hardware_irq/irq.c.obj
                0x10000c74                user_irq_unclaim
 .text.user_irq_claim_unused
                0x10000c88       0x2c CMakeFiles/soil-sensor.dir/home/sheldon/pico/pico-sdk/src/rp2_common/hardware_irq/irq.c.obj
                0x10000c88                user_irq_claim_unused
 .text.sem_init
                0x10000cb4       0x20 CMakeFiles/soil-sensor.dir/home/sheldon/pico/pico-sdk/src/common/pico_sync/sem.c.obj
                0x10000cb4                sem_init
 .text.lock_init
                0x10000cd4       0x10 CMakeFiles/soil-sensor.dir/home/sheldon/pico/pico-sdk/src/common/pico_sync/lock_core.c.obj
                0x10000cd4                lock_init
 .text.mutex_init
                0x10000ce4       0x1c CMakeFiles/soil-sensor.dir/home/sheldon/pico/pico-sdk/src/common/pico_sync/mutex.c.obj
                0x10000ce4                mutex_init
 .text.recursive_mutex_init
                0x10000d00       0x1c CMakeFiles/soil-sensor.dir/home/sheldon/pico/pico-sdk/src/common/pico_sync/mutex.c.obj
                0x10000d00                recursive_mutex_init
 .text.timer_pool_entry_comparator
                0x10000d1c       0x34 CMakeFiles/soil-sensor.dir/home/sheldon/pico/pico-sdk/src/common/pico_time/time.c.obj
                0x10000d1c                timer_pool_entry_comparator
 .text.sleep_until_callback
                0x10000d50       0x30 CMakeFiles/soil-sensor.dir/home/sheldon/pico/pico-sdk/src/common/pico_time/time.c.obj
 .text.add_alarm_under_lock.isra.0
                0x10000d80      0x100 CMakeFiles/soil-sensor.dir/home/sheldon/pico/pico-sdk/src/common/pico_time/time.c.obj
 .text.alarm_pool_alarm_callback
                0x10000e80      0x1c0 CMakeFiles/soil-sensor.dir/home/sheldon/pico/pico-sdk/src/common/pico_time/time.c.obj
 .text.alarm_pool_init_default
                0x10001040       0x6c CMakeFiles/soil-sensor.dir/home/sheldon/pico/pico-sdk/src/common/pico_time/time.c.obj
                0x10001040                alarm_pool_init_default
 .text.alarm_pool_get_default
                0x100010ac        0x8 CMakeFiles/soil-sensor.dir/home/sheldon/pico/pico-sdk/src/common/pico_time/time.c.obj
                0x100010ac                alarm_pool_get_default
 .text.alarm_pool_add_alarm_at
                0x100010b4      0x188 CMakeFiles/soil-sensor.dir/home/sheldon/pico/pico-sdk/src/common/pico_time/time.c.obj
                0x100010b4                alarm_pool_add_alarm_at
 .text.alarm_pool_cancel_alarm
                0x1000123c       0x74 CMakeFiles/soil-sensor.dir/home/sheldon/pico/pico-sdk/src/common/pico_time/time.c.obj
                0x1000123c                alarm_pool_cancel_alarm
 .text.sleep_until
                0x100012b0       0xc4 CMakeFiles/soil-sensor.dir/home/sheldon/pico/pico-sdk/src/common/pico_time/time.c.obj
                0x100012b0                sleep_until
 .text.sleep_ms
                0x10001374       0x38 CMakeFiles/soil-sensor.dir/home/sheldon/pico/pico-sdk/src/common/pico_time/time.c.obj
                0x10001374                sleep_ms
 .text.best_effort_wfe_or_timeout
                0x100013ac       0xec CMakeFiles/soil-sensor.dir/home/sheldon/pico/pico-sdk/src/common/pico_time/time.c.obj
                0x100013ac                best_effort_wfe_or_timeout
 .text.hardware_alarm_irq_handler
                0x10001498       0xbc CMakeFiles/soil-sensor.dir/home/sheldon/pico/pico-sdk/src/rp2_common/hardware_timer/timer.c.obj
 .text.hardware_alarm_claim
                0x10001554       0x18 CMakeFiles/soil-sensor.dir/home/sheldon/pico/pico-sdk/src/rp2_common/hardware_timer/timer.c.obj
                0x10001554                hardware_alarm_claim
 .text.time_us_64
                0x1000156c       0x14 CMakeFiles/soil-sensor.dir/home/sheldon/pico/pico-sdk/src/rp2_common/hardware_timer/timer.c.obj
                0x1000156c                time_us_64
 .text.busy_wait_us
                0x10001580       0x68 CMakeFiles/soil-sensor.dir/home/sheldon/pico/pico-sdk/src/rp2_common/hardware_timer/timer.c.obj
                0x10001580                busy_wait_us
 .text.busy_wait_until
                0x100015e8       0x20 CMakeFiles/soil-sensor.dir/home/sheldon/pico/pico-sdk/src/rp2_common/hardware_timer/timer.c.obj
                0x100015e8                busy_wait_until
 .text.hardware_alarm_set_callback
                0x10001608       0x8c CMakeFiles/soil-sensor.dir/home/sheldon/pico/pico-sdk/src/rp2_common/hardware_timer/timer.c.obj
                0x10001608                hardware_alarm_set_callback
 .text.hardware_alarm_set_target
                0x10001694       0xd0 CMakeFiles/soil-sensor.dir/home/sheldon/pico/pico-sdk/src/rp2_common/hardware_timer/timer.c.obj
                0x10001694                hardware_alarm_set_target
 .text.hardware_alarm_cancel
                0x10001764       0x3c CMakeFiles/soil-sensor.dir/home/sheldon/pico/pico-sdk/src/rp2_common/hardware_timer/timer.c.obj
                0x10001764                hardware_alarm_cancel
 .text.ph_merge_nodes
                0x100017a0       0x64 CMakeFiles/soil-sensor.dir/home/sheldon/pico/pico-sdk/src/common/pico_util/pheap.c.obj
 .text.ph_post_alloc_init
                0x10001804       0x3c CMakeFiles/soil-sensor.dir/home/sheldon/pico/pico-sdk/src/common/pico_util/pheap.c.obj
                0x10001804                ph_post_alloc_init
 .text.ph_merge_two_pass
                0x10001840       0x98 CMakeFiles/soil-sensor.dir/home/sheldon/pico/pico-sdk/src/common/pico_util/pheap.c.obj
                0x10001840                ph_merge_two_pass
 .text.ph_remove_any_head
                0x100018d8      0x100 CMakeFiles/soil-sensor.dir/home/sheldon/pico/pico-sdk/src/common/pico_util/pheap.c.obj
 .text.ph_remove_head
                0x100019d8      0x104 CMakeFiles/soil-sensor.dir/home/sheldon/pico/pico-sdk/src/common/pico_util/pheap.c.obj
                0x100019d8                ph_remove_head
 .text.ph_remove_and_free_node
                0x10001adc       0x78 CMakeFiles/soil-sensor.dir/home/sheldon/pico/pico-sdk/src/common/pico_util/pheap.c.obj
                0x10001adc                ph_remove_and_free_node
 .text.uart_init
                0x10001b54      0x188 CMakeFiles/soil-sensor.dir/home/sheldon/pico/pico-sdk/src/rp2_common/hardware_uart/uart.c.obj
                0x10001b54                uart_init
 .text.clocks_init
                0x10001cdc      0x2c8 CMakeFiles/soil-sensor.dir/home/sheldon/pico/pico-sdk/src/rp2_common/hardware_clocks/clocks.c.obj
                0x10001cdc                clocks_init
 .text.clock_get_hz
                0x10001fa4        0xc CMakeFiles/soil-sensor.dir/home/sheldon/pico/pico-sdk/src/rp2_common/hardware_clocks/clocks.c.obj
                0x10001fa4                clock_get_hz
 .text.pll_init
                0x10001fb0       0xa0 CMakeFiles/soil-sensor.dir/home/sheldon/pico/pico-sdk/src/rp2_common/hardware_pll/pll.c.obj
                0x10001fb0                pll_init
 .text.watchdog_start_tick
                0x10002050       0x10 CMakeFiles/soil-sensor.dir/home/sheldon/pico/pico-sdk/src/rp2_common/hardware_watchdog/watchdog.c.obj
                0x10002050                watchdog_start_tick
 .text.xosc_init
                0x10002060       0x28 CMakeFiles/soil-sensor.dir/home/sheldon/pico/pico-sdk/src/rp2_common/hardware_xosc/xosc.c.obj
                0x10002060                xosc_init
 .text.runtime_init
                0x10002088       0xf0 CMakeFiles/soil-sensor.dir/home/sheldon/pico/pico-sdk/src/rp2_common/pico_runtime/runtime.c.obj
                0x10002088                runtime_init
 .text._exit    0x10002178        0x4 CMakeFiles/soil-sensor.dir/home/sheldon/pico/pico-sdk/src/rp2_common/pico_runtime/runtime.c.obj
                0x10002178                _exit
 .text.exit     0x1000217c        0x8 CMakeFiles/soil-sensor.dir/home/sheldon/pico/pico-sdk/src/rp2_common/pico_runtime/runtime.c.obj
                0x1000217c                exit
 .text.panic    0x10002184       0x30 CMakeFiles/soil-sensor.dir/home/sheldon/pico/pico-sdk/src/rp2_common/pico_runtime/runtime.c.obj
                0x10002184                panic
 .text.hard_assertion_failure
                0x100021b4        0xc CMakeFiles/soil-sensor.dir/home/sheldon/pico/pico-sdk/src/rp2_common/pico_runtime/runtime.c.obj
                0x100021b4                hard_assertion_failure
 .text._out_null
                0x100021c0        0x4 CMakeFiles/soil-sensor.dir/home/sheldon/pico/pico-sdk/src/rp2_common/pico_printf/printf.c.obj
 .text._out_rev
                0x100021c4       0x90 CMakeFiles/soil-sensor.dir/home/sheldon/pico/pico-sdk/src/rp2_common/pico_printf/printf.c.obj
 .text._ntoa_format
                0x10002254      0x1f4 CMakeFiles/soil-sensor.dir/home/sheldon/pico/pico-sdk/src/rp2_common/pico_printf/printf.c.obj
 .text._out_char
                0x10002448       0x10 CMakeFiles/soil-sensor.dir/home/sheldon/pico/pico-sdk/src/rp2_common/pico_printf/printf.c.obj
 .text._out_fct
                0x10002458       0x10 CMakeFiles/soil-sensor.dir/home/sheldon/pico/pico-sdk/src/rp2_common/pico_printf/printf.c.obj
 .text._etoa    0x10002468      0x454 CMakeFiles/soil-sensor.dir/home/sheldon/pico/pico-sdk/src/rp2_common/pico_printf/printf.c.obj
 .text._ftoa    0x100028bc      0x3c4 CMakeFiles/soil-sensor.dir/home/sheldon/pico/pico-sdk/src/rp2_common/pico_printf/printf.c.obj
 .text._vsnprintf
                0x10002c80      0xb24 CMakeFiles/soil-sensor.dir/home/sheldon/pico/pico-sdk/src/rp2_common/pico_printf/printf.c.obj
 .text.vfctprintf
                0x100037a4       0x20 CMakeFiles/soil-sensor.dir/home/sheldon/pico/pico-sdk/src/rp2_common/pico_printf/printf.c.obj
                0x100037a4                vfctprintf
 .text.weak_raw_vprintf
                0x100037c4       0x30 CMakeFiles/soil-sensor.dir/home/sheldon/pico/pico-sdk/src/rp2_common/pico_printf/printf.c.obj
                0x100037c4                weak_raw_vprintf
 .text          0x100037f4       0x10 CMakeFiles/soil-sensor.dir/home/sheldon/pico/pico-sdk/src/rp2_common/pico_bit_ops/bit_ops_aeabi.S.obj
 .text.ctzsi    0x10003804        0xc CMakeFiles/soil-sensor.dir/home/sheldon/pico/pico-sdk/src/rp2_common/pico_bit_ops/bit_ops_aeabi.S.obj
                0x10003804                __wrap___ctzsi2
 .text.rom_func_lookup
                0x10003810       0x10 CMakeFiles/soil-sensor.dir/home/sheldon/pico/pico-sdk/src/rp2_common/pico_bootrom/bootrom.c.obj
                0x10003810                rom_func_lookup
 .text.rom_data_lookup
                0x10003820       0x10 CMakeFiles/soil-sensor.dir/home/sheldon/pico/pico-sdk/src/rp2_common/pico_bootrom/bootrom.c.obj
                0x10003820                rom_data_lookup
 .text.rom_funcs_lookup
                0x10003830       0x44 CMakeFiles/soil-sensor.dir/home/sheldon/pico/pico-sdk/src/rp2_common/pico_bootrom/bootrom.c.obj
                0x10003830                rom_funcs_lookup
 .text.__wrap___aeabi_idiv
                0x10003874       0x50 CMakeFiles/soil-sensor.dir/home/sheldon/pico/pico-sdk/src/rp2_common/pico_divider/divider.S.obj
                0x10003874                __wrap___aeabi_idivmod
                0x10003874                divmod_s32s32
                0x10003874                div_s32s32
                0x10003874                __wrap___aeabi_idiv
                0x1000387c                divmod_s32s32_unsafe
                0x100038a8                divmod_s32s32_savestate
 .text.__wrap___aeabi_uidiv
                0x100038c4       0x4c CMakeFiles/soil-sensor.dir/home/sheldon/pico/pico-sdk/src/rp2_common/pico_divider/divider.S.obj
                0x100038c4                __wrap___aeabi_uidiv
                0x100038c4                __wrap___aeabi_uidivmod
                0x100038c4                div_u32u32
                0x100038c4                divmod_u32u32
                0x100038cc                divmod_u32u32_unsafe
                0x100038f4                divmod_u32u32_savestate
 .text.__wrap___aeabi_ldiv
                0x10003910      0x424 CMakeFiles/soil-sensor.dir/home/sheldon/pico/pico-sdk/src/rp2_common/pico_divider/divider.S.obj
                0x10003910                div_s64s64
                0x10003910                divmod_s64s64
                0x10003910                __wrap___aeabi_ldivmod
                0x10003940                div_u64u64
                0x10003940                divmod_u64u64
                0x10003940                __wrap___aeabi_uldivmod
                0x10003950                divmod_u64u64_savestate
                0x10003970                divmod_s64s64_unsafe
                0x100039f8                divmod_u64u64_unsafe
 .text.__wrap___aeabi_darithmetic
                0x10003d34       0x60 CMakeFiles/soil-sensor.dir/home/sheldon/pico/pico-sdk/src/rp2_common/pico_double/double_aeabi.S.obj
                0x10003d34                __wrap___aeabi_drsub
                0x10003d3a                __wrap___aeabi_dsub
                0x10003d44                __wrap___aeabi_dadd
                0x10003d4e                __wrap___aeabi_ddiv
                0x10003d82                __wrap___aeabi_dmul
 .text.__wrap___aeabi_cdcmple
                0x10003d94       0x6c CMakeFiles/soil-sensor.dir/home/sheldon/pico/pico-sdk/src/rp2_common/pico_double/double_aeabi.S.obj
                0x10003d94                __wrap___aeabi_cdrcmple
                0x10003da4                __wrap___aeabi_cdcmple
                0x10003da4                __wrap___aeabi_cdcmpeq
 .text.__wrap___aeabi_dcmplt
                0x10003e00        0xc CMakeFiles/soil-sensor.dir/home/sheldon/pico/pico-sdk/src/rp2_common/pico_double/double_aeabi.S.obj
                0x10003e00                __wrap___aeabi_dcmplt
 .text.__wrap___aeabi_dcmpge
                0x10003e0c       0x10 CMakeFiles/soil-sensor.dir/home/sheldon/pico/pico-sdk/src/rp2_common/pico_double/double_aeabi.S.obj
                0x10003e0c                __wrap___aeabi_dcmpge
 .text.__wrap___aeabi_dcmpgt
                0x10003e1c        0xa CMakeFiles/soil-sensor.dir/home/sheldon/pico/pico-sdk/src/rp2_common/pico_double/double_aeabi.S.obj
                0x10003e1c                __wrap___aeabi_dcmpgt
 .text.__wrap___aeabi_dcmpun
                0x10003e26       0x1c CMakeFiles/soil-sensor.dir/home/sheldon/pico/pico-sdk/src/rp2_common/pico_double/double_aeabi.S.obj
                0x10003e26                __wrap___aeabi_dcmpun
 *fill*         0x10003e42        0x2 
 .text.__wrap___aeabi_i2d
                0x10003e44       0x38 CMakeFiles/soil-sensor.dir/home/sheldon/pico/pico-sdk/src/rp2_common/pico_double/double_aeabi.S.obj
                0x10003e44                __wrap___aeabi_ui2d
                0x10003e4c                __wrap___aeabi_i2d
 .text.__wrap___aeabi_d2iz
                0x10003e7c       0x48 CMakeFiles/soil-sensor.dir/home/sheldon/pico/pico-sdk/src/rp2_common/pico_double/double_aeabi.S.obj
                0x10003e7c                __wrap___aeabi_d2iz
                0x10003e7c                double2int_z
 .text.__wrap___aeabi_d2uiz
                0x10003ec4       0x10 CMakeFiles/soil-sensor.dir/home/sheldon/pico/pico-sdk/src/rp2_common/pico_double/double_aeabi.S.obj
                0x10003ec4                double2uint
                0x10003ec4                __wrap___aeabi_d2uiz
 .text.missing_double_func_shim
                0x10003ed4        0xc CMakeFiles/soil-sensor.dir/home/sheldon/pico/pico-sdk/src/rp2_common/pico_double/double_init_rom.c.obj
 .text.__aeabi_double_init
                0x10003ee0       0x94 CMakeFiles/soil-sensor.dir/home/sheldon/pico/pico-sdk/src/rp2_common/pico_double/double_init_rom.c.obj
                0x10003ee0                __aeabi_double_init
 .text.double_table_shim_on_use_helper
                0x10003f74       0x2c CMakeFiles/soil-sensor.dir/home/sheldon/pico/pico-sdk/src/rp2_common/pico_double/double_v1_rom_shim.S.obj
                0x10003f74                double_table_shim_on_use_helper
 .text.__aeabi_lmul
                0x10003fa0       0x32 CMakeFiles/soil-sensor.dir/home/sheldon/pico/pico-sdk/src/rp2_common/pico_int64_ops/pico_int64_ops_aeabi.S.obj
                0x10003fa0                __wrap___aeabi_lmul
 *fill*         0x10003fd2        0x2 
 .text.missing_float_func_shim
                0x10003fd4        0xc CMakeFiles/soil-sensor.dir/home/sheldon/pico/pico-sdk/src/rp2_common/pico_float/float_init_rom.c.obj
 .text.__aeabi_float_init
                0x10003fe0       0x5c CMakeFiles/soil-sensor.dir/home/sheldon/pico/pico-sdk/src/rp2_common/pico_float/float_init_rom.c.obj
                0x10003fe0                __aeabi_float_init
 .text          0x1000403c       0x10 CMakeFiles/soil-sensor.dir/home/sheldon/pico/pico-sdk/src/rp2_common/pico_mem_ops/mem_ops_aeabi.S.obj
                0x1000403c                __aeabi_mem_init
 .text.memset   0x1000404c        0xc CMakeFiles/soil-sensor.dir/home/sheldon/pico/pico-sdk/src/rp2_common/pico_mem_ops/mem_ops_aeabi.S.obj
                0x1000404c                __wrap_memset
 .text.memcpy   0x10004058        0xc CMakeFiles/soil-sensor.dir/home/sheldon/pico/pico-sdk/src/rp2_common/pico_mem_ops/mem_ops_aeabi.S.obj
                0x10004058                __wrap___aeabi_memcpy
                0x10004058                __wrap_memcpy
 .text.stdio_out_chars_crlf
                0x10004064       0xbc CMakeFiles/soil-sensor.dir/home/sheldon/pico/pico-sdk/src/rp2_common/pico_stdio/stdio.c.obj
 .text.stdio_buffered_printer
                0x10004120       0x64 CMakeFiles/soil-sensor.dir/home/sheldon/pico/pico-sdk/src/rp2_common/pico_stdio/stdio.c.obj
 .text.__wrap_putchar
                0x10004184       0x98 CMakeFiles/soil-sensor.dir/home/sheldon/pico/pico-sdk/src/rp2_common/pico_stdio/stdio.c.obj
                0x10004184                __wrap_putchar
 .text.__wrap_puts
                0x1000421c       0xe0 CMakeFiles/soil-sensor.dir/home/sheldon/pico/pico-sdk/src/rp2_common/pico_stdio/stdio.c.obj
                0x1000421c                __wrap_puts
 .text.stdio_set_driver_enabled
                0x100042fc       0x30 CMakeFiles/soil-sensor.dir/home/sheldon/pico/pico-sdk/src/rp2_common/pico_stdio/stdio.c.obj
                0x100042fc                stdio_set_driver_enabled
 .text.__wrap_vprintf
                0x1000432c       0xd4 CMakeFiles/soil-sensor.dir/home/sheldon/pico/pico-sdk/src/rp2_common/pico_stdio/stdio.c.obj
                0x1000432c                __wrap_vprintf
 .text.__wrap_printf
                0x10004400       0x18 CMakeFiles/soil-sensor.dir/home/sheldon/pico/pico-sdk/src/rp2_common/pico_stdio/stdio.c.obj
                0x10004400                __wrap_printf
 .text.stdio_init_all
                0x10004418        0xc CMakeFiles/soil-sensor.dir/home/sheldon/pico/pico-sdk/src/rp2_common/pico_stdio/stdio.c.obj
                0x10004418                stdio_init_all
 .text.stdio_uart_out_chars
                0x10004424       0x4c CMakeFiles/soil-sensor.dir/home/sheldon/pico/pico-sdk/src/rp2_common/pico_stdio_uart/stdio_uart.c.obj
 .text.stdio_uart_in_chars
                0x10004470       0x98 CMakeFiles/soil-sensor.dir/home/sheldon/pico/pico-sdk/src/rp2_common/pico_stdio_uart/stdio_uart.c.obj
                0x10004470                stdio_uart_in_chars
 .text.on_uart_rx
                0x10004508       0x28 CMakeFiles/soil-sensor.dir/home/sheldon/pico/pico-sdk/src/rp2_common/pico_stdio_uart/stdio_uart.c.obj
 .text.stdio_uart_set_chars_available_callback
                0x10004530       0x8c CMakeFiles/soil-sensor.dir/home/sheldon/pico/pico-sdk/src/rp2_common/pico_stdio_uart/stdio_uart.c.obj
 .text.stdio_uart_init
                0x100045bc       0x48 CMakeFiles/soil-sensor.dir/home/sheldon/pico/pico-sdk/src/rp2_common/pico_stdio_uart/stdio_uart.c.obj
                0x100045bc                stdio_uart_init
 .text.adc_init
                0x10004604       0x38 CMakeFiles/soil-sensor.dir/home/sheldon/pico/pico-sdk/src/rp2_common/hardware_adc/adc.c.obj
                0x10004604                adc_init
 .text.cyw43_arch_set_async_context
                0x1000463c        0xc CMakeFiles/soil-sensor.dir/home/sheldon/pico/pico-sdk/src/rp2_common/pico_cyw43_arch/cyw43_arch.c.obj
                0x1000463c                cyw43_arch_set_async_context
 .text.cyw43_arch_gpio_put
                0x10004648       0x14 CMakeFiles/soil-sensor.dir/home/sheldon/pico/pico-sdk/src/rp2_common/pico_cyw43_arch/cyw43_arch.c.obj
                0x10004648                cyw43_arch_gpio_put
 .text.cyw43_arch_async_context
                0x1000465c        0xc CMakeFiles/soil-sensor.dir/home/sheldon/pico/pico-sdk/src/rp2_common/pico_cyw43_arch/cyw43_arch.c.obj
                0x1000465c                cyw43_arch_async_context
 .text.cyw43_arch_init
                0x10004668       0x64 CMakeFiles/soil-sensor.dir/home/sheldon/pico/pico-sdk/src/rp2_common/pico_cyw43_arch/cyw43_arch_threadsafe_background.c.obj
                0x10004668                cyw43_arch_init
 .text.startup._retrieve_unique_id_on_boot
                0x100046cc       0x10 CMakeFiles/soil-sensor.dir/home/sheldon/pico/pico-sdk/src/rp2_common/pico_unique_id/unique_id.c.obj
 .text.pico_get_unique_board_id
                0x100046dc       0x10 CMakeFiles/soil-sensor.dir/home/sheldon/pico/pico-sdk/src/rp2_common/pico_unique_id/unique_id.c.obj
                0x100046dc                pico_get_unique_board_id
 .text.flash_get_unique_id
                0x100046ec       0x40 CMakeFiles/soil-sensor.dir/home/sheldon/pico/pico-sdk/src/rp2_common/hardware_flash/flash.c.obj
                0x100046ec                flash_get_unique_id
 .text.ns_delay.constprop.0
                0x1000472c       0x20 CMakeFiles/soil-sensor.dir/home/sheldon/pico/pico-sdk/src/rp2_common/pico_cyw43_driver/cyw43_bus_pio_spi.c.obj
 .text.cyw43_spi_deinit
                0x1000474c       0x7c CMakeFiles/soil-sensor.dir/home/sheldon/pico/pico-sdk/src/rp2_common/pico_cyw43_driver/cyw43_bus_pio_spi.c.obj
                0x1000474c                cyw43_spi_deinit
 .text.cyw43_spi_init
                0x100047c8      0x14c CMakeFiles/soil-sensor.dir/home/sheldon/pico/pico-sdk/src/rp2_common/pico_cyw43_driver/cyw43_bus_pio_spi.c.obj
                0x100047c8                cyw43_spi_init
 .text.cyw43_spi_transfer
                0x10004914      0x3fc CMakeFiles/soil-sensor.dir/home/sheldon/pico/pico-sdk/src/rp2_common/pico_cyw43_driver/cyw43_bus_pio_spi.c.obj
                0x10004914                cyw43_spi_transfer
 .text.cyw43_spi_gpio_setup
                0x10004d10       0x3c CMakeFiles/soil-sensor.dir/home/sheldon/pico/pico-sdk/src/rp2_common/pico_cyw43_driver/cyw43_bus_pio_spi.c.obj
                0x10004d10                cyw43_spi_gpio_setup
 .text.cyw43_spi_reset
                0x10004d4c       0x28 CMakeFiles/soil-sensor.dir/home/sheldon/pico/pico-sdk/src/rp2_common/pico_cyw43_driver/cyw43_bus_pio_spi.c.obj
                0x10004d4c                cyw43_spi_reset
 .text.read_reg_u32_swap
                0x10004d74       0x3c CMakeFiles/soil-sensor.dir/home/sheldon/pico/pico-sdk/src/rp2_common/pico_cyw43_driver/cyw43_bus_pio_spi.c.obj
                0x10004d74                read_reg_u32_swap
 .text.cyw43_read_reg_u32
                0x10004db0       0x54 CMakeFiles/soil-sensor.dir/home/sheldon/pico/pico-sdk/src/rp2_common/pico_cyw43_driver/cyw43_bus_pio_spi.c.obj
                0x10004db0                cyw43_read_reg_u32
 .text.cyw43_read_reg_u16
                0x10004e04       0x54 CMakeFiles/soil-sensor.dir/home/sheldon/pico/pico-sdk/src/rp2_common/pico_cyw43_driver/cyw43_bus_pio_spi.c.obj
                0x10004e04                cyw43_read_reg_u16
 .text.cyw43_read_reg_u8
                0x10004e58       0x54 CMakeFiles/soil-sensor.dir/home/sheldon/pico/pico-sdk/src/rp2_common/pico_cyw43_driver/cyw43_bus_pio_spi.c.obj
                0x10004e58                cyw43_read_reg_u8
 .text.write_reg_u32_swap
                0x10004eac      0x1e8 CMakeFiles/soil-sensor.dir/home/sheldon/pico/pico-sdk/src/rp2_common/pico_cyw43_driver/cyw43_bus_pio_spi.c.obj
                0x10004eac                write_reg_u32_swap
 .text.cyw43_write_reg_u32
                0x10005094      0x208 CMakeFiles/soil-sensor.dir/home/sheldon/pico/pico-sdk/src/rp2_common/pico_cyw43_driver/cyw43_bus_pio_spi.c.obj
                0x10005094                cyw43_write_reg_u32
 .text.cyw43_write_reg_u16
                0x1000529c      0x208 CMakeFiles/soil-sensor.dir/home/sheldon/pico/pico-sdk/src/rp2_common/pico_cyw43_driver/cyw43_bus_pio_spi.c.obj
                0x1000529c                cyw43_write_reg_u16
 .text.cyw43_write_reg_u8
                0x100054a4      0x208 CMakeFiles/soil-sensor.dir/home/sheldon/pico/pico-sdk/src/rp2_common/pico_cyw43_driver/cyw43_bus_pio_spi.c.obj
                0x100054a4                cyw43_write_reg_u8
 .text.cyw43_read_bytes
                0x100056ac       0x78 CMakeFiles/soil-sensor.dir/home/sheldon/pico/pico-sdk/src/rp2_common/pico_cyw43_driver/cyw43_bus_pio_spi.c.obj
                0x100056ac                cyw43_read_bytes
 .text.cyw43_write_bytes
                0x10005724       0xdc CMakeFiles/soil-sensor.dir/home/sheldon/pico/pico-sdk/src/rp2_common/pico_cyw43_driver/cyw43_bus_pio_spi.c.obj
                0x10005724                cyw43_write_bytes
 .text.cyw43_set_backplane_window
                0x10005800       0x68 CMakeFiles/soil-sensor.dir/home/sheldon/pico/pico-sdk/lib/cyw43-driver/src/cyw43_ll.c.obj
 .text.cyw43_ll_parse_async_event
                0x10005868      0x134 CMakeFiles/soil-sensor.dir/home/sheldon/pico/pico-sdk/lib/cyw43-driver/src/cyw43_ll.c.obj
 .text.cyw43_kso_set
                0x1000599c       0x80 CMakeFiles/soil-sensor.dir/home/sheldon/pico/pico-sdk/lib/cyw43-driver/src/cyw43_ll.c.obj
 .text.cyw43_ll_sdpcm_poll_device
                0x10005a1c      0x234 CMakeFiles/soil-sensor.dir/home/sheldon/pico/pico-sdk/lib/cyw43-driver/src/cyw43_ll.c.obj
 .text.cyw43_sdpcm_send_common
                0x10005c50       0xf4 CMakeFiles/soil-sensor.dir/home/sheldon/pico/pico-sdk/lib/cyw43-driver/src/cyw43_ll.c.obj
 .text.cyw43_do_ioctl
                0x10005d44      0x110 CMakeFiles/soil-sensor.dir/home/sheldon/pico/pico-sdk/lib/cyw43-driver/src/cyw43_ll.c.obj
 .text.cyw43_do_ioctl.constprop.0
                0x10005e54      0x108 CMakeFiles/soil-sensor.dir/home/sheldon/pico/pico-sdk/lib/cyw43-driver/src/cyw43_ll.c.obj
 .text.cyw43_read_backplane.constprop.0
                0x10005f5c       0xe4 CMakeFiles/soil-sensor.dir/home/sheldon/pico/pico-sdk/lib/cyw43-driver/src/cyw43_ll.c.obj
 .text.reset_device_core.constprop.0
                0x10006040      0x410 CMakeFiles/soil-sensor.dir/home/sheldon/pico/pico-sdk/lib/cyw43-driver/src/cyw43_ll.c.obj
 .text.cyw43_ll_init
                0x10006450       0x1c CMakeFiles/soil-sensor.dir/home/sheldon/pico/pico-sdk/lib/cyw43-driver/src/cyw43_ll.c.obj
                0x10006450                cyw43_ll_init
 .text.cyw43_ll_deinit
                0x1000646c        0x8 CMakeFiles/soil-sensor.dir/home/sheldon/pico/pico-sdk/lib/cyw43-driver/src/cyw43_ll.c.obj
                0x1000646c                cyw43_ll_deinit
 .text.cyw43_ll_process_packets
                0x10006474       0x54 CMakeFiles/soil-sensor.dir/home/sheldon/pico/pico-sdk/lib/cyw43-driver/src/cyw43_ll.c.obj
                0x10006474                cyw43_ll_process_packets
 .text.cyw43_ll_ioctl
                0x100064c8       0x20 CMakeFiles/soil-sensor.dir/home/sheldon/pico/pico-sdk/lib/cyw43-driver/src/cyw43_ll.c.obj
                0x100064c8                cyw43_ll_ioctl
 .text.cyw43_ll_bus_sleep
                0x100064e8       0x34 CMakeFiles/soil-sensor.dir/home/sheldon/pico/pico-sdk/lib/cyw43-driver/src/cyw43_ll.c.obj
                0x100064e8                cyw43_ll_bus_sleep
 .text.cyw43_ll_bus_init
                0x1000651c      0xbd0 CMakeFiles/soil-sensor.dir/home/sheldon/pico/pico-sdk/lib/cyw43-driver/src/cyw43_ll.c.obj
                0x1000651c                cyw43_ll_bus_init
 .text.cyw43_ll_wifi_get_mac
                0x100070ec       0x40 CMakeFiles/soil-sensor.dir/home/sheldon/pico/pico-sdk/lib/cyw43-driver/src/cyw43_ll.c.obj
                0x100070ec                cyw43_ll_wifi_get_mac
 .text.cyw43_ll_wifi_set_wpa_auth
                0x1000712c       0x2c CMakeFiles/soil-sensor.dir/home/sheldon/pico/pico-sdk/lib/cyw43-driver/src/cyw43_ll.c.obj
                0x1000712c                cyw43_ll_wifi_set_wpa_auth
 .text.cyw43_ll_wifi_rejoin
                0x10007158       0x1c CMakeFiles/soil-sensor.dir/home/sheldon/pico/pico-sdk/lib/cyw43-driver/src/cyw43_ll.c.obj
                0x10007158                cyw43_ll_wifi_rejoin
 .text.cyw43_ll_gpio_set
                0x10007174       0x6c CMakeFiles/soil-sensor.dir/home/sheldon/pico/pico-sdk/lib/cyw43-driver/src/cyw43_ll.c.obj
                0x10007174                cyw43_ll_gpio_set
 .text.cyw43_ll_has_work
                0x100071e0       0x14 CMakeFiles/soil-sensor.dir/home/sheldon/pico/pico-sdk/lib/cyw43-driver/src/cyw43_ll.c.obj
                0x100071e0                cyw43_ll_has_work
 .text.cyw43_poll_func
                0x100071f4       0xc0 CMakeFiles/soil-sensor.dir/home/sheldon/pico/pico-sdk/lib/cyw43-driver/src/cyw43_ctrl.c.obj
 .text.cyw43_init
                0x100072b4       0x6c CMakeFiles/soil-sensor.dir/home/sheldon/pico/pico-sdk/lib/cyw43-driver/src/cyw43_ctrl.c.obj
                0x100072b4                cyw43_init
 .text.cyw43_deinit
                0x10007320       0x90 CMakeFiles/soil-sensor.dir/home/sheldon/pico/pico-sdk/lib/cyw43-driver/src/cyw43_ctrl.c.obj
                0x10007320                cyw43_deinit
 .text.cyw43_cb_read_host_interrupt_pin
                0x100073b0        0xc CMakeFiles/soil-sensor.dir/home/sheldon/pico/pico-sdk/lib/cyw43-driver/src/cyw43_ctrl.c.obj
                0x100073b0                cyw43_cb_read_host_interrupt_pin
 .text.cyw43_cb_ensure_awake
                0x100073bc        0xc CMakeFiles/soil-sensor.dir/home/sheldon/pico/pico-sdk/lib/cyw43-driver/src/cyw43_ctrl.c.obj
                0x100073bc                cyw43_cb_ensure_awake
 .text.cyw43_cb_process_async_event
                0x100073c8      0x214 CMakeFiles/soil-sensor.dir/home/sheldon/pico/pico-sdk/lib/cyw43-driver/src/cyw43_ctrl.c.obj
                0x100073c8                cyw43_cb_process_async_event
 .text.cyw43_gpio_set
                0x100075dc       0xa0 CMakeFiles/soil-sensor.dir/home/sheldon/pico/pico-sdk/lib/cyw43-driver/src/cyw43_ctrl.c.obj
                0x100075dc                cyw43_gpio_set
 .text.pio_sm_unclaim
                0x1000767c       0x20 CMakeFiles/soil-sensor.dir/home/sheldon/pico/pico-sdk/src/rp2_common/hardware_pio/pio.c.obj
                0x1000767c                pio_sm_unclaim
 .text.pio_claim_unused_sm
                0x1000769c       0x3c CMakeFiles/soil-sensor.dir/home/sheldon/pico/pico-sdk/src/rp2_common/hardware_pio/pio.c.obj
                0x1000769c                pio_claim_unused_sm
 .text.pio_can_add_program
                0x100076d8       0x68 CMakeFiles/soil-sensor.dir/home/sheldon/pico/pico-sdk/src/rp2_common/hardware_pio/pio.c.obj
                0x100076d8                pio_can_add_program
 .text.pio_add_program
                0x10007740       0xf0 CMakeFiles/soil-sensor.dir/home/sheldon/pico/pico-sdk/src/rp2_common/hardware_pio/pio.c.obj
                0x10007740                pio_add_program
 .text.pio_remove_program
                0x10007830       0x34 CMakeFiles/soil-sensor.dir/home/sheldon/pico/pico-sdk/src/rp2_common/hardware_pio/pio.c.obj
                0x10007830                pio_remove_program
 .text.pio_sm_set_pindirs_with_mask
                0x10007864       0xa8 CMakeFiles/soil-sensor.dir/home/sheldon/pico/pico-sdk/src/rp2_common/hardware_pio/pio.c.obj
                0x10007864                pio_sm_set_pindirs_with_mask
 .text.pio_sm_set_consecutive_pindirs
                0x1000790c       0xa8 CMakeFiles/soil-sensor.dir/home/sheldon/pico/pico-sdk/src/rp2_common/hardware_pio/pio.c.obj
                0x1000790c                pio_sm_set_consecutive_pindirs
 .text.dma_channel_unclaim
                0x100079b4       0x14 CMakeFiles/soil-sensor.dir/home/sheldon/pico/pico-sdk/src/rp2_common/hardware_dma/dma.c.obj
                0x100079b4                dma_channel_unclaim
 .text.dma_claim_unused_channel
                0x100079c8       0x24 CMakeFiles/soil-sensor.dir/home/sheldon/pico/pico-sdk/src/rp2_common/hardware_dma/dma.c.obj
                0x100079c8                dma_claim_unused_channel
 .text.dma_channel_cleanup
                0x100079ec       0x60 CMakeFiles/soil-sensor.dir/home/sheldon/pico/pico-sdk/src/rp2_common/hardware_dma/dma.c.obj
                0x100079ec                dma_channel_cleanup
 .text.cyw43_sleep_timeout_reached
                0x10007a4c       0x10 CMakeFiles/soil-sensor.dir/home/sheldon/pico/pico-sdk/src/rp2_common/pico_cyw43_driver/cyw43_driver.c.obj
 .text.cyw43_irq_init
                0x10007a5c       0x28 CMakeFiles/soil-sensor.dir/home/sheldon/pico/pico-sdk/src/rp2_common/pico_cyw43_driver/cyw43_driver.c.obj
                0x10007a5c                cyw43_irq_init
 .text.cyw43_irq_deinit
                0x10007a84       0x20 CMakeFiles/soil-sensor.dir/home/sheldon/pico/pico-sdk/src/rp2_common/pico_cyw43_driver/cyw43_driver.c.obj
                0x10007a84                cyw43_irq_deinit
 .text.cyw43_gpio_irq_handler
                0x10007aa4       0x44 CMakeFiles/soil-sensor.dir/home/sheldon/pico/pico-sdk/src/rp2_common/pico_cyw43_driver/cyw43_driver.c.obj
 .text.cyw43_do_poll
                0x10007ae8       0x70 CMakeFiles/soil-sensor.dir/home/sheldon/pico/pico-sdk/src/rp2_common/pico_cyw43_driver/cyw43_driver.c.obj
 .text.cyw43_post_poll_hook
                0x10007b58       0x10 CMakeFiles/soil-sensor.dir/home/sheldon/pico/pico-sdk/src/rp2_common/pico_cyw43_driver/cyw43_driver.c.obj
                0x10007b58                cyw43_post_poll_hook
 .text.cyw43_schedule_internal_poll_dispatch
                0x10007b68       0x18 CMakeFiles/soil-sensor.dir/home/sheldon/pico/pico-sdk/src/rp2_common/pico_cyw43_driver/cyw43_driver.c.obj
                0x10007b68                cyw43_schedule_internal_poll_dispatch
 .text.cyw43_driver_init
                0x10007b80       0x38 CMakeFiles/soil-sensor.dir/home/sheldon/pico/pico-sdk/src/rp2_common/pico_cyw43_driver/cyw43_driver.c.obj
                0x10007b80                cyw43_driver_init
 .text.cyw43_driver_deinit
                0x10007bb8       0x44 CMakeFiles/soil-sensor.dir/home/sheldon/pico/pico-sdk/src/rp2_common/pico_cyw43_driver/cyw43_driver.c.obj
                0x10007bb8                cyw43_driver_deinit
 .text.cyw43_hal_generate_laa_mac
                0x10007bfc       0x28 CMakeFiles/soil-sensor.dir/home/sheldon/pico/pico-sdk/src/rp2_common/pico_cyw43_driver/cyw43_driver.c.obj
                0x10007bfc                cyw43_hal_generate_laa_mac
 .text.cyw43_thread_enter
                0x10007c24       0x14 CMakeFiles/soil-sensor.dir/home/sheldon/pico/pico-sdk/src/rp2_common/pico_cyw43_driver/cyw43_driver.c.obj
                0x10007c24                cyw43_thread_enter
 .text.cyw43_thread_exit
                0x10007c38       0x14 CMakeFiles/soil-sensor.dir/home/sheldon/pico/pico-sdk/src/rp2_common/pico_cyw43_driver/cyw43_driver.c.obj
                0x10007c38                cyw43_thread_exit
 .text.cyw43_await_background_or_timeout_us
                0x10007c4c       0x34 CMakeFiles/soil-sensor.dir/home/sheldon/pico/pico-sdk/src/rp2_common/pico_cyw43_driver/cyw43_driver.c.obj
                0x10007c4c                cyw43_await_background_or_timeout_us
 .text.cyw43_delay_ms
                0x10007c80       0x48 CMakeFiles/soil-sensor.dir/home/sheldon/pico/pico-sdk/src/rp2_common/pico_cyw43_driver/cyw43_driver.c.obj
                0x10007c80                cyw43_delay_ms
 .text.cyw43_cb_tcpip_deinit
                0x10007cc8        0x4 CMakeFiles/soil-sensor.dir/home/sheldon/pico/pico-sdk/src/rp2_common/pico_cyw43_driver/cyw43_driver.c.obj
                0x10007cc8                cyw43_cb_tcpip_deinit
 .text.cyw43_cb_tcpip_set_link_up
                0x10007ccc        0xc CMakeFiles/soil-sensor.dir/home/sheldon/pico/pico-sdk/src/rp2_common/pico_cyw43_driver/cyw43_driver.c.obj
                0x10007ccc                cyw43_cb_tcpip_set_link_up
 .text.cyw43_cb_tcpip_set_link_down
                0x10007cd8        0xc CMakeFiles/soil-sensor.dir/home/sheldon/pico/pico-sdk/src/rp2_common/pico_cyw43_driver/cyw43_driver.c.obj
                0x10007cd8                cyw43_cb_tcpip_set_link_down
 .text.cyw43_cb_process_ethernet
                0x10007ce4        0xc CMakeFiles/soil-sensor.dir/home/sheldon/pico/pico-sdk/src/rp2_common/pico_cyw43_driver/cyw43_driver.c.obj
                0x10007ce4                cyw43_cb_process_ethernet
 .text.async_context_threadsafe_background_acquire_lock_blocking
                0x10007cf0        0xc CMakeFiles/soil-sensor.dir/home/sheldon/pico/pico-sdk/src/rp2_common/pico_async_context/async_context_threadsafe_background.c.obj
 .text.alarm_handler
                0x10007cfc       0x20 CMakeFiles/soil-sensor.dir/home/sheldon/pico/pico-sdk/src/rp2_common/pico_async_context/async_context_threadsafe_background.c.obj
 .text.async_context_threadsafe_background_set_work_pending
                0x10007d1c       0x1c CMakeFiles/soil-sensor.dir/home/sheldon/pico/pico-sdk/src/rp2_common/pico_async_context/async_context_threadsafe_background.c.obj
 .text.process_under_lock
                0x10007d38       0xcc CMakeFiles/soil-sensor.dir/home/sheldon/pico/pico-sdk/src/rp2_common/pico_async_context/async_context_threadsafe_background.c.obj
 .text.async_context_threadsafe_background_execute_sync
                0x10007e04       0x30 CMakeFiles/soil-sensor.dir/home/sheldon/pico/pico-sdk/src/rp2_common/pico_async_context/async_context_threadsafe_background.c.obj
                0x10007e04                async_context_threadsafe_background_execute_sync
 .text.async_context_threadsafe_background_deinit
                0x10007e34       0x54 CMakeFiles/soil-sensor.dir/home/sheldon/pico/pico-sdk/src/rp2_common/pico_async_context/async_context_threadsafe_background.c.obj
 .text.low_priority_irq_handler
                0x10007e88       0x3c CMakeFiles/soil-sensor.dir/home/sheldon/pico/pico-sdk/src/rp2_common/pico_async_context/async_context_threadsafe_background.c.obj
 .text.async_context_threadsafe_background_wait_for_work_until
                0x10007ec4        0xc CMakeFiles/soil-sensor.dir/home/sheldon/pico/pico-sdk/src/rp2_common/pico_async_context/async_context_threadsafe_background.c.obj
 .text.async_context_threadsafe_background_wait_until
                0x10007ed0       0x1c CMakeFiles/soil-sensor.dir/home/sheldon/pico/pico-sdk/src/rp2_common/pico_async_context/async_context_threadsafe_background.c.obj
 .text.async_context_threadsafe_background_lock_check
                0x10007eec       0x28 CMakeFiles/soil-sensor.dir/home/sheldon/pico/pico-sdk/src/rp2_common/pico_async_context/async_context_threadsafe_background.c.obj
 .text.async_context_threadsafe_background_release_lock
                0x10007f14       0x1c CMakeFiles/soil-sensor.dir/home/sheldon/pico/pico-sdk/src/rp2_common/pico_async_context/async_context_threadsafe_background.c.obj
 .text.async_context_threadsafe_background_add_at_time_worker
                0x10007f30       0x34 CMakeFiles/soil-sensor.dir/home/sheldon/pico/pico-sdk/src/rp2_common/pico_async_context/async_context_threadsafe_background.c.obj
 .text.async_context_threadsafe_background_remove_at_time_worker
                0x10007f64       0x34 CMakeFiles/soil-sensor.dir/home/sheldon/pico/pico-sdk/src/rp2_common/pico_async_context/async_context_threadsafe_background.c.obj
 .text.async_context_threadsafe_background_add_when_pending_worker
                0x10007f98       0x34 CMakeFiles/soil-sensor.dir/home/sheldon/pico/pico-sdk/src/rp2_common/pico_async_context/async_context_threadsafe_background.c.obj
 .text.async_context_threadsafe_background_when_pending_worker
                0x10007fcc       0x34 CMakeFiles/soil-sensor.dir/home/sheldon/pico/pico-sdk/src/rp2_common/pico_async_context/async_context_threadsafe_background.c.obj
 .text.async_context_threadsafe_background_default_config
                0x10008000        0xc CMakeFiles/soil-sensor.dir/home/sheldon/pico/pico-sdk/src/rp2_common/pico_async_context/async_context_threadsafe_background.c.obj
                0x10008000                async_context_threadsafe_background_default_config
 .text.async_context_threadsafe_background_init
                0x1000800c       0x8c CMakeFiles/soil-sensor.dir/home/sheldon/pico/pico-sdk/src/rp2_common/pico_async_context/async_context_threadsafe_background.c.obj
                0x1000800c                async_context_threadsafe_background_init
 .text.async_context_base_add_at_time_worker
                0x10008098       0x24 CMakeFiles/soil-sensor.dir/home/sheldon/pico/pico-sdk/src/rp2_common/pico_async_context/async_context_base.c.obj
                0x10008098                async_context_base_add_at_time_worker
 .text.async_context_base_remove_at_time_worker
                0x100080bc       0x28 CMakeFiles/soil-sensor.dir/home/sheldon/pico/pico-sdk/src/rp2_common/pico_async_context/async_context_base.c.obj
                0x100080bc                async_context_base_remove_at_time_worker
 .text.async_context_base_add_when_pending_worker
                0x100080e4       0x24 CMakeFiles/soil-sensor.dir/home/sheldon/pico/pico-sdk/src/rp2_common/pico_async_context/async_context_base.c.obj
                0x100080e4                async_context_base_add_when_pending_worker
 .text.async_context_base_remove_when_pending_worker
                0x10008108       0x28 CMakeFiles/soil-sensor.dir/home/sheldon/pico/pico-sdk/src/rp2_common/pico_async_context/async_context_base.c.obj
                0x10008108                async_context_base_remove_when_pending_worker
 .text.async_context_base_execute_once
                0x10008130       0xfc CMakeFiles/soil-sensor.dir/home/sheldon/pico/pico-sdk/src/rp2_common/pico_async_context/async_context_base.c.obj
                0x10008130                async_context_base_execute_once
 .text          0x1000822c       0x5c /usr/lib/gcc/arm-none-eabi/12.2.1/../../../arm-none-eabi/lib/thumb/v6-m/nofp/libc.a(lib_a-strlen-stub.o)
                0x1000822c                strlen
 .text          0x10008288       0x74 /usr/lib/gcc/arm-none-eabi/12.2.1/../../../arm-none-eabi/lib/thumb/v6-m/nofp/libc.a(lib_a-strncmp.o)
                0x10008288                strncmp
 *(.fini)
 .fini          0x100082fc        0x4 /usr/lib/gcc/arm-none-eabi/12.2.1/thumb/v6-m/nofp/crti.o
                0x100082fc                _fini
 .fini.__stub   0x10008300       0xb0 linker stubs
 *crtbegin.o(.ctors)
 *crtbegin?.o(.ctors)
 *(EXCLUDE_FILE(*crtend.o *crtend?.o) .ctors)
 *(SORT_BY_NAME(.ctors.*))
 *(.ctors)
 *crtbegin.o(.dtors)
 *crtbegin?.o(.dtors)
 *(EXCLUDE_FILE(*crtend.o *crtend?.o) .dtors)
 *(SORT_BY_NAME(.dtors.*))
 *(.dtors)
 *(.eh_frame*)
 .eh_frame      0x100083b0        0x0 /usr/lib/gcc/arm-none-eabi/12.2.1/thumb/v6-m/nofp/crtbegin.o
                0x100083b0                . = ALIGN (0x4)

.glue_7         0x100083b0        0x0
 .glue_7        0x100083b0        0x0 linker stubs

.glue_7t        0x100083b0        0x0
 .glue_7t       0x100083b0        0x0 linker stubs

.vfp11_veneer   0x100083b0        0x0
 .vfp11_veneer  0x100083b0        0x0 linker stubs

.v4_bx          0x100083b0        0x0
 .v4_bx         0x100083b0        0x0 linker stubs

.iplt           0x100083b0        0x0
 .iplt          0x100083b0        0x0 /usr/lib/gcc/arm-none-eabi/12.2.1/thumb/v6-m/nofp/crtbegin.o

.rodata         0x100083b0    0x37c84
 *(EXCLUDE_FILE(*libm.a: *libc.a:*lib_a-mem*.o *libgcc.a:) .rodata*)
 .rodata.main.str1.4
                0x100083b0       0x20 CMakeFiles/soil-sensor.dir/soil-sensor.c.obj
 .rodata.user_irq_claim_unused.str1.4
                0x100083d0       0x1b CMakeFiles/soil-sensor.dir/home/sheldon/pico/pico-sdk/src/rp2_common/hardware_irq/irq.c.obj
 *fill*         0x100083eb        0x5 
 .rodata.at_the_end_of_time
                0x100083f0        0x8 CMakeFiles/soil-sensor.dir/home/sheldon/pico/pico-sdk/src/common/pico_time/time.c.obj
                0x100083f0                at_the_end_of_time
 .rodata.hardware_alarm_claim.str1.4
                0x100083f8       0x22 CMakeFiles/soil-sensor.dir/home/sheldon/pico/pico-sdk/src/rp2_common/hardware_timer/timer.c.obj
 *fill*         0x1000841a        0x2 
 .rodata.panic.str1.4
                0x1000841c       0x10 CMakeFiles/soil-sensor.dir/home/sheldon/pico/pico-sdk/src/rp2_common/pico_runtime/runtime.c.obj
                                 0x12 (size before relaxing)
 .rodata.hard_assertion_failure.str1.4
                0x1000842c        0xc CMakeFiles/soil-sensor.dir/home/sheldon/pico/pico-sdk/src/rp2_common/pico_runtime/runtime.c.obj
 .rodata._ftoa.str1.4
                0x10008438       0x15 CMakeFiles/soil-sensor.dir/home/sheldon/pico/pico-sdk/src/rp2_common/pico_printf/printf.c.obj
 *fill*         0x1000844d        0x3 
 .rodata._vsnprintf
                0x10008450      0x19c CMakeFiles/soil-sensor.dir/home/sheldon/pico/pico-sdk/src/rp2_common/pico_printf/printf.c.obj
 *fill*         0x100085ec        0x4 
 .rodata.pow10.0
                0x100085f0       0x50 CMakeFiles/soil-sensor.dir/home/sheldon/pico/pico-sdk/src/rp2_common/pico_printf/printf.c.obj
 .rodata.missing_double_func_shim.str1.4
                0x10008640       0x18 CMakeFiles/soil-sensor.dir/home/sheldon/pico/pico-sdk/src/rp2_common/pico_double/double_init_rom.c.obj
 .rodata.missing_float_func_shim.str1.4
                0x10008658       0x18 CMakeFiles/soil-sensor.dir/home/sheldon/pico/pico-sdk/src/rp2_common/pico_float/float_init_rom.c.obj
                                  0x1 (size before relaxing)
 .rodata.str1.4
                0x10008658       0x40 CMakeFiles/soil-sensor.dir/home/sheldon/pico/pico-sdk/src/rp2_common/pico_standard_link/binary_info.c.obj
 .rodata.__bi_81
                0x10008698        0xc CMakeFiles/soil-sensor.dir/home/sheldon/pico/pico-sdk/src/rp2_common/pico_standard_link/binary_info.c.obj
 .rodata.__bi_75
                0x100086a4        0xc CMakeFiles/soil-sensor.dir/home/sheldon/pico/pico-sdk/src/rp2_common/pico_standard_link/binary_info.c.obj
 .rodata.__bi_44
                0x100086b0        0xc CMakeFiles/soil-sensor.dir/home/sheldon/pico/pico-sdk/src/rp2_common/pico_standard_link/binary_info.c.obj
 .rodata.crlf_str.0
                0x100086bc        0x2 CMakeFiles/soil-sensor.dir/home/sheldon/pico/pico-sdk/src/rp2_common/pico_stdio/stdio.c.obj
 *fill*         0x100086be        0x2 
 .rodata.str1.4
                0x100086c0       0x2c CMakeFiles/soil-sensor.dir/home/sheldon/pico/pico-sdk/src/rp2_common/pico_stdio_uart/stdio_uart.c.obj
 .rodata.__bi_33.4
                0x100086ec        0xc CMakeFiles/soil-sensor.dir/home/sheldon/pico/pico-sdk/src/rp2_common/pico_stdio_uart/stdio_uart.c.obj
 .rodata.__bi_34.5
                0x100086f8        0x8 CMakeFiles/soil-sensor.dir/home/sheldon/pico/pico-sdk/src/rp2_common/pico_stdio_uart/stdio_uart.c.obj
 .rodata.cyw43_read_bytes.str1.4
                0x10008700       0x1a CMakeFiles/soil-sensor.dir/home/sheldon/pico/pico-sdk/src/rp2_common/pico_cyw43_driver/cyw43_bus_pio_spi.c.obj
 .rodata.cyw43_write_bytes.str1.4
                0x1000871a       0x1a CMakeFiles/soil-sensor.dir/home/sheldon/pico/pico-sdk/src/rp2_common/pico_cyw43_driver/cyw43_bus_pio_spi.c.obj
                                  0xd (size before relaxing)
 *fill*         0x1000871a        0x2 
 .rodata.spi_gap01_sample0_program
                0x1000871c        0x6 CMakeFiles/soil-sensor.dir/home/sheldon/pico/pico-sdk/src/rp2_common/pico_cyw43_driver/cyw43_bus_pio_spi.c.obj
 *fill*         0x10008722        0x2 
 .rodata.spi_gap01_sample0_program_instructions
                0x10008724        0xc CMakeFiles/soil-sensor.dir/home/sheldon/pico/pico-sdk/src/rp2_common/pico_cyw43_driver/cyw43_bus_pio_spi.c.obj
 .rodata.cyw43_kso_set.str1.4
                0x10008730       0x23 CMakeFiles/soil-sensor.dir/home/sheldon/pico/pico-sdk/lib/cyw43-driver/src/cyw43_ll.c.obj
 *fill*         0x10008753        0x1 
 .rodata.cyw43_ll_sdpcm_poll_device.str1.4
                0x10008754       0x55 CMakeFiles/soil-sensor.dir/home/sheldon/pico/pico-sdk/lib/cyw43-driver/src/cyw43_ll.c.obj
 *fill*         0x100087a9        0x3 
 .rodata.cyw43_sdpcm_send_common.str1.4
                0x100087ac       0x22 CMakeFiles/soil-sensor.dir/home/sheldon/pico/pico-sdk/lib/cyw43-driver/src/cyw43_ll.c.obj
 *fill*         0x100087ce        0x2 
 .rodata.cyw43_do_ioctl.str1.4
                0x100087d0       0x53 CMakeFiles/soil-sensor.dir/home/sheldon/pico/pico-sdk/lib/cyw43-driver/src/cyw43_ll.c.obj
 *fill*         0x10008823        0x1 
 .rodata.reset_device_core.constprop.0.str1.4
                0x10008824       0x1a CMakeFiles/soil-sensor.dir/home/sheldon/pico/pico-sdk/lib/cyw43-driver/src/cyw43_ll.c.obj
 *fill*         0x1000883e        0x2 
 .rodata.cyw43_ll_bus_init.str1.4
                0x10008840       0xfe CMakeFiles/soil-sensor.dir/home/sheldon/pico/pico-sdk/lib/cyw43-driver/src/cyw43_ll.c.obj
 *fill*         0x1000893e        0x2 
 .rodata.cyw43_ll_gpio_set.str1.4
                0x10008940        0x8 CMakeFiles/soil-sensor.dir/home/sheldon/pico/pico-sdk/lib/cyw43-driver/src/cyw43_ll.c.obj
 .rodata.w43439A0_7_95_49_00_combined
                0x10008948    0x36fd8 CMakeFiles/soil-sensor.dir/home/sheldon/pico/pico-sdk/lib/cyw43-driver/src/cyw43_ll.c.obj
 .rodata.wifi_nvram_4343
                0x1003f920      0x2e7 CMakeFiles/soil-sensor.dir/home/sheldon/pico/pico-sdk/lib/cyw43-driver/src/cyw43_ll.c.obj
 *fill*         0x1003fc07        0x1 
 .rodata        0x1003fc08       0x72 CMakeFiles/soil-sensor.dir/home/sheldon/pico/pico-sdk/lib/cyw43-driver/src/cyw43_ll.c.obj
 *fill*         0x1003fc7a        0x2 
 .rodata.cyw43_cb_process_async_event.str1.4
                0x1003fc7c       0x28 CMakeFiles/soil-sensor.dir/home/sheldon/pico/pico-sdk/lib/cyw43-driver/src/cyw43_ctrl.c.obj
 .rodata.cyw43_cb_process_async_event
                0x1003fca4       0xbc CMakeFiles/soil-sensor.dir/home/sheldon/pico/pico-sdk/lib/cyw43-driver/src/cyw43_ctrl.c.obj
 .rodata.str1.4
                0x1003fd60       0x9e CMakeFiles/soil-sensor.dir/home/sheldon/pico/pico-sdk/lib/cyw43-driver/src/cyw43_ctrl.c.obj
 *fill*         0x1003fdfe        0x2 
 .rodata.cyw43_async_event_name_table
                0x1003fe00      0x164 CMakeFiles/soil-sensor.dir/home/sheldon/pico/pico-sdk/lib/cyw43-driver/src/cyw43_ctrl.c.obj
 .rodata.pio_claim_unused_sm.str1.4
                0x1003ff64       0x24 CMakeFiles/soil-sensor.dir/home/sheldon/pico/pico-sdk/src/rp2_common/hardware_pio/pio.c.obj
 .rodata.pio_add_program.str1.4
                0x1003ff88       0x11 CMakeFiles/soil-sensor.dir/home/sheldon/pico/pico-sdk/src/rp2_common/hardware_pio/pio.c.obj
 *fill*         0x1003ff99        0x3 
 .rodata.dma_claim_unused_channel.str1.4
                0x1003ff9c       0x1e CMakeFiles/soil-sensor.dir/home/sheldon/pico/pico-sdk/src/rp2_common/hardware_dma/dma.c.obj
 *fill*         0x1003ffba        0x2 
 .rodata.cyw43_cb_tcpip_set_link_up.str1.4
                0x1003ffbc       0x20 CMakeFiles/soil-sensor.dir/home/sheldon/pico/pico-sdk/src/rp2_common/pico_cyw43_driver/cyw43_driver.c.obj
 .rodata.async_context_threadsafe_background_lock_check.str1.4
                0x1003ffdc       0x20 CMakeFiles/soil-sensor.dir/home/sheldon/pico/pico-sdk/src/rp2_common/pico_async_context/async_context_threadsafe_background.c.obj
 .rodata.template
                0x1003fffc       0x38 CMakeFiles/soil-sensor.dir/home/sheldon/pico/pico-sdk/src/rp2_common/pico_async_context/async_context_threadsafe_background.c.obj
                0x10040034                . = ALIGN (0x4)
 *(SORT_BY_ALIGNMENT(SORT_BY_NAME(.flashdata*)))
                0x10040034                . = ALIGN (0x4)

.ARM.extab
 *(.ARM.extab* .gnu.linkonce.armextab.*)
                0x10040034                __exidx_start = .

.ARM.exidx
 *(.ARM.exidx* .gnu.linkonce.armexidx.*)
                0x10040034                __exidx_end = .
                0x10040034                . = ALIGN (0x4)
                0x10040034                __binary_info_start = .

.binary_info    0x10040034       0x24
 *(.binary_info.keep.*)
 .binary_info.keep.__bi_ptr81
                0x10040034        0x4 CMakeFiles/soil-sensor.dir/home/sheldon/pico/pico-sdk/src/rp2_common/pico_standard_link/binary_info.c.obj
 .binary_info.keep.__bi_ptr75
                0x10040038        0x4 CMakeFiles/soil-sensor.dir/home/sheldon/pico/pico-sdk/src/rp2_common/pico_standard_link/binary_info.c.obj
 .binary_info.keep.__bi_ptr50
                0x1004003c        0x4 CMakeFiles/soil-sensor.dir/home/sheldon/pico/pico-sdk/src/rp2_common/pico_standard_link/binary_info.c.obj
 .binary_info.keep.__bi_ptr44
                0x10040040        0x4 CMakeFiles/soil-sensor.dir/home/sheldon/pico/pico-sdk/src/rp2_common/pico_standard_link/binary_info.c.obj
 .binary_info.keep.__bi_ptr38
                0x10040044        0x4 CMakeFiles/soil-sensor.dir/home/sheldon/pico/pico-sdk/src/rp2_common/pico_standard_link/binary_info.c.obj
 .binary_info.keep.__bi_ptr30
                0x10040048        0x4 CMakeFiles/soil-sensor.dir/home/sheldon/pico/pico-sdk/src/rp2_common/pico_standard_link/binary_info.c.obj
 .binary_info.keep.__bi_ptr22
                0x1004004c        0x4 CMakeFiles/soil-sensor.dir/home/sheldon/pico/pico-sdk/src/rp2_common/pico_standard_link/binary_info.c.obj
 *(.binary_info.*)
 .binary_info.__bi_ptr34
                0x10040050        0x4 CMakeFiles/soil-sensor.dir/home/sheldon/pico/pico-sdk/src/rp2_common/pico_stdio_uart/stdio_uart.c.obj
 .binary_info.__bi_ptr33
                0x10040054        0x4 CMakeFiles/soil-sensor.dir/home/sheldon/pico/pico-sdk/src/rp2_common/pico_stdio_uart/stdio_uart.c.obj
                0x10040058                __binary_info_end = .

.rel.dyn        0x10040058        0x0
 .rel.iplt      0x10040058        0x0 /usr/lib/gcc/arm-none-eabi/12.2.1/thumb/v6-m/nofp/crtbegin.o
                0x10040058                . = ALIGN (0x4)

.ram_vector_table
                0x20000000       0xc0
 *(.ram_vector_table)
 .ram_vector_table
                0x20000000       0xc0 CMakeFiles/soil-sensor.dir/home/sheldon/pico/pico-sdk/src/rp2_common/pico_runtime/runtime.c.obj
                0x20000000                ram_vector_table

.data           0x200000c0      0x550 load address 0x10040058
                0x200000c0                __data_start__ = .
 *(vtable)
 *(.time_critical*)
 .time_critical.sem_acquire_block_until
                0x200000c0       0x68 CMakeFiles/soil-sensor.dir/home/sheldon/pico/pico-sdk/src/common/pico_sync/sem.c.obj
                0x200000c0                sem_acquire_block_until
 .time_critical.sem_release
                0x20000128       0x4c CMakeFiles/soil-sensor.dir/home/sheldon/pico/pico-sdk/src/common/pico_sync/sem.c.obj
                0x20000128                sem_release
 .time_critical.recursive_mutex_enter_blocking
                0x20000174       0x54 CMakeFiles/soil-sensor.dir/home/sheldon/pico/pico-sdk/src/common/pico_sync/mutex.c.obj
                0x20000174                recursive_mutex_enter_blocking
 .time_critical.mutex_try_enter_block_until
                0x200001c8       0x9c CMakeFiles/soil-sensor.dir/home/sheldon/pico/pico-sdk/src/common/pico_sync/mutex.c.obj
                0x200001c8                mutex_try_enter_block_until
 .time_critical.recursive_mutex_try_enter
                0x20000264       0x50 CMakeFiles/soil-sensor.dir/home/sheldon/pico/pico-sdk/src/common/pico_sync/mutex.c.obj
                0x20000264                recursive_mutex_try_enter
 .time_critical.mutex_exit
                0x200002b4       0x28 CMakeFiles/soil-sensor.dir/home/sheldon/pico/pico-sdk/src/common/pico_sync/mutex.c.obj
                0x200002b4                mutex_exit
 .time_critical.recursive_mutex_exit
                0x200002dc       0x44 CMakeFiles/soil-sensor.dir/home/sheldon/pico/pico-sdk/src/common/pico_sync/mutex.c.obj
                0x200002dc                recursive_mutex_exit
 .time_critical.flash_init_boot2_copyout
                0x20000320       0x30 CMakeFiles/soil-sensor.dir/home/sheldon/pico/pico-sdk/src/rp2_common/hardware_flash/flash.c.obj
 .time_critical.flash_enable_xip_via_boot2
                0x20000350        0xc CMakeFiles/soil-sensor.dir/home/sheldon/pico/pico-sdk/src/rp2_common/hardware_flash/flash.c.obj
 .time_critical.flash_cs_force
                0x2000035c       0x38 CMakeFiles/soil-sensor.dir/home/sheldon/pico/pico-sdk/src/rp2_common/hardware_flash/flash.c.obj
 .time_critical.flash_do_cmd
                0x20000394       0xc0 CMakeFiles/soil-sensor.dir/home/sheldon/pico/pico-sdk/src/rp2_common/hardware_flash/flash.c.obj
                0x20000394                flash_do_cmd
 *(.text*)
 .text          0x20000454        0x4 /usr/lib/gcc/arm-none-eabi/12.2.1/thumb/v6-m/nofp/libgcc.a(_dvmd_tls.o)
                0x20000454                __aeabi_ldiv0
                0x20000454                __aeabi_idiv0
 .text          0x20000458       0xac /usr/lib/gcc/arm-none-eabi/12.2.1/../../../arm-none-eabi/lib/thumb/v6-m/nofp/libc.a(lib_a-memmove.o)
                0x20000458                memmove
 *fill*         0x20000504        0x4 
 .text.__stub   0x20000508       0x10 linker stubs
                0x20000518                . = ALIGN (0x4)
 *(.rodata*)
                0x20000518                . = ALIGN (0x4)
 *(.data*)
 .data.striped_spin_lock_num
                0x20000518        0x1 CMakeFiles/soil-sensor.dir/home/sheldon/pico/pico-sdk/src/rp2_common/hardware_sync/sync.c.obj
 *fill*         0x20000519        0x3 
 .data          0x2000051c       0x48 CMakeFiles/soil-sensor.dir/home/sheldon/pico/pico-sdk/src/rp2_common/hardware_irq/irq_handler_chain.S.obj
                0x2000051c                irq_handler_chain_slots
                0x2000054c                irq_handler_chain_first_slot
                0x20000556                irq_handler_chain_remove_tail
 .data.default_alarm_pool
                0x20000564       0x18 CMakeFiles/soil-sensor.dir/home/sheldon/pico/pico-sdk/src/common/pico_time/time.c.obj
 .data.default_alarm_pool_heap
                0x2000057c       0x10 CMakeFiles/soil-sensor.dir/home/sheldon/pico/pico-sdk/src/common/pico_time/time.c.obj
 *fill*         0x2000058c        0x4 
 .data.aeabi_bits_funcs
                0x20000590       0x10 CMakeFiles/soil-sensor.dir/home/sheldon/pico/pico-sdk/src/rp2_common/pico_bit_ops/bit_ops_aeabi.S.obj
                0x20000590                aeabi_bits_funcs
                0x200005a0                aeabi_bits_funcs_end
 .data.aeabi_mem_funcs
                0x200005a0       0x10 CMakeFiles/soil-sensor.dir/home/sheldon/pico/pico-sdk/src/rp2_common/pico_mem_ops/mem_ops_aeabi.S.obj
                0x200005a0                aeabi_mem_funcs
                0x200005b0                aeabi_mem_funcs_end
 .data.stdio_uart
                0x200005b0       0x18 CMakeFiles/soil-sensor.dir/home/sheldon/pico/pico-sdk/src/rp2_common/pico_stdio_uart/stdio_uart.c.obj
                0x200005b0                stdio_uart
 .data.cyw43_poll_worker
                0x200005c8       0x10 CMakeFiles/soil-sensor.dir/home/sheldon/pico/pico-sdk/src/rp2_common/pico_cyw43_driver/cyw43_driver.c.obj
 .data.sleep_timeout_worker
                0x200005d8       0x18 CMakeFiles/soil-sensor.dir/home/sheldon/pico/pico-sdk/src/rp2_common/pico_cyw43_driver/cyw43_driver.c.obj
                0x200005f0                . = ALIGN (0x4)
 *(.after_data.*)
                0x200005f0                . = ALIGN (0x4)
                0x200005f0                PROVIDE (__mutex_array_start = .)
 *(SORT_BY_NAME(.mutex_array.*))
 *(.mutex_array)
 .mutex_array   0x200005f0        0x8 CMakeFiles/soil-sensor.dir/home/sheldon/pico/pico-sdk/src/rp2_common/pico_stdio/stdio.c.obj
                0x200005f8                PROVIDE (__mutex_array_end = .)
                0x200005f8                . = ALIGN (0x4)
                0x200005f8                PROVIDE (__preinit_array_start = .)
 *(SORT_BY_NAME(.preinit_array.*))
 .preinit_array.00001
                0x200005f8        0x4 CMakeFiles/soil-sensor.dir/home/sheldon/pico/pico-sdk/src/rp2_common/pico_mem_ops/mem_ops_aeabi.S.obj
 .preinit_array.00010
                0x200005fc        0x4 CMakeFiles/soil-sensor.dir/home/sheldon/pico/pico-sdk/src/rp2_common/pico_bit_ops/bit_ops_aeabi.S.obj
 .preinit_array.00020
                0x20000600        0x4 CMakeFiles/soil-sensor.dir/home/sheldon/pico/pico-sdk/src/rp2_common/pico_double/double_aeabi.S.obj
 .preinit_array.00020
                0x20000604        0x4 CMakeFiles/soil-sensor.dir/home/sheldon/pico/pico-sdk/src/rp2_common/pico_float/float_aeabi.S.obj
 *(.preinit_array)
                0x20000608                PROVIDE (__preinit_array_end = .)
                0x20000608                . = ALIGN (0x4)
                0x20000608                PROVIDE (__init_array_start = .)
 *(SORT_BY_NAME(.init_array.*))
 *(.init_array)
 .init_array    0x20000608        0x4 /usr/lib/gcc/arm-none-eabi/12.2.1/thumb/v6-m/nofp/crtbegin.o
 .init_array    0x2000060c        0x4 CMakeFiles/soil-sensor.dir/home/sheldon/pico/pico-sdk/src/rp2_common/pico_unique_id/unique_id.c.obj
                0x20000610                PROVIDE (__init_array_end = .)
                0x20000610                . = ALIGN (0x4)
                0x20000610                PROVIDE (__fini_array_start = .)
 *(SORT_BY_NAME(.fini_array.*))
 *(.fini_array)
                0x20000610                PROVIDE (__fini_array_end = .)
 *(.jcr)
                0x20000610                . = ALIGN (0x4)
                0x20000610                __data_end__ = .
                0x10040058                __etext = LOADADDR (.data)

.tm_clone_table
                0x20000610        0x0 load address 0x100405a8
 .tm_clone_table
                0x20000610        0x0 /usr/lib/gcc/arm-none-eabi/12.2.1/thumb/v6-m/nofp/crtbegin.o
 .tm_clone_table
                0x20000610        0x0 /usr/lib/gcc/arm-none-eabi/12.2.1/thumb/v6-m/nofp/crtend.o

.igot.plt       0x20000610        0x0 load address 0x100405a8
 .igot.plt      0x20000610        0x0 /usr/lib/gcc/arm-none-eabi/12.2.1/thumb/v6-m/nofp/crtbegin.o

.uninitialized_data
                0x20000610        0x0 load address 0x100405a8
                0x20000610                . = ALIGN (0x4)
 *(.uninitialized_data*)

.scratch_x      0x20040000        0x0 load address 0x100405a8
                0x20040000                __scratch_x_start__ = .
 *(.scratch_x.*)
                0x20040000                . = ALIGN (0x4)
                0x20040000                __scratch_x_end__ = .
                0x100405a8                __scratch_x_source__ = LOADADDR (.scratch_x)

.scratch_y      0x20041000        0x0 load address 0x100405a8
                0x20041000                __scratch_y_start__ = .
 *(.scratch_y.*)
                0x20041000                . = ALIGN (0x4)
                0x20041000                __scratch_y_end__ = .
                0x100405a8                __scratch_y_source__ = LOADADDR (.scratch_y)

.bss            0x20000610      0xe64
                0x20000610                . = ALIGN (0x4)
                0x20000610                __bss_start__ = .
 *(SORT_BY_ALIGNMENT(SORT_BY_NAME(.bss*)))
 .bss.configured_freq
                0x20000610       0x28 CMakeFiles/soil-sensor.dir/home/sheldon/pico/pico-sdk/src/rp2_common/hardware_clocks/clocks.c.obj
 .bss.cyw43_async_context_threadsafe_background
                0x20000638       0x48 CMakeFiles/soil-sensor.dir/home/sheldon/pico/pico-sdk/src/rp2_common/pico_cyw43_arch/cyw43_arch_threadsafe_background.c.obj
 .bss.default_alarm_pool_entries
                0x20000680      0x100 CMakeFiles/soil-sensor.dir/home/sheldon/pico/pico-sdk/src/common/pico_time/time.c.obj
 .bss.sd_table  0x20000780      0x100 CMakeFiles/soil-sensor.dir/home/sheldon/pico/pico-sdk/src/rp2_common/pico_double/double_init_rom.c.obj
                0x20000780                sd_table
 .bss           0x20000880       0x1c /usr/lib/gcc/arm-none-eabi/12.2.1/thumb/v6-m/nofp/crtbegin.o
 .bss._used_instruction_space
                0x2000089c        0x8 CMakeFiles/soil-sensor.dir/home/sheldon/pico/pico-sdk/src/rp2_common/hardware_pio/pio.c.obj
 .bss.alarm_callbacks
                0x200008a4       0x10 CMakeFiles/soil-sensor.dir/home/sheldon/pico/pico-sdk/src/rp2_common/hardware_timer/timer.c.obj
 .bss.async_context
                0x200008b4        0x4 CMakeFiles/soil-sensor.dir/home/sheldon/pico/pico-sdk/src/rp2_common/pico_cyw43_arch/cyw43_arch.c.obj
 .bss.async_contexts_by_user_irq
                0x200008b8       0x18 CMakeFiles/soil-sensor.dir/home/sheldon/pico/pico-sdk/src/rp2_common/pico_async_context/async_context_threadsafe_background.c.obj
 .bss.boot2_copyout
                0x200008d0      0x100 CMakeFiles/soil-sensor.dir/home/sheldon/pico/pico-sdk/src/rp2_common/hardware_flash/flash.c.obj
 .bss.bus_data_instance
                0x200009d0        0xc CMakeFiles/soil-sensor.dir/home/sheldon/pico/pico-sdk/src/rp2_common/pico_cyw43_driver/cyw43_bus_pio_spi.c.obj
 .bss.chars_available_callback
                0x200009dc        0x4 CMakeFiles/soil-sensor.dir/home/sheldon/pico/pico-sdk/src/rp2_common/pico_stdio_uart/stdio_uart.c.obj
 .bss.chars_available_param
                0x200009e0        0x4 CMakeFiles/soil-sensor.dir/home/sheldon/pico/pico-sdk/src/rp2_common/pico_stdio_uart/stdio_uart.c.obj
 .bss.cyw43_async_context
                0x200009e4        0x4 CMakeFiles/soil-sensor.dir/home/sheldon/pico/pico-sdk/src/rp2_common/pico_cyw43_driver/cyw43_driver.c.obj
 .bss.cyw43_poll
                0x200009e8        0x4 CMakeFiles/soil-sensor.dir/home/sheldon/pico/pico-sdk/lib/cyw43-driver/src/cyw43_ctrl.c.obj
                0x200009e8                cyw43_poll
 .bss.cyw43_sleep
                0x200009ec        0x4 CMakeFiles/soil-sensor.dir/home/sheldon/pico/pico-sdk/lib/cyw43-driver/src/cyw43_ctrl.c.obj
                0x200009ec                cyw43_sleep
 .bss.cyw43_state
                0x200009f0      0x8ec CMakeFiles/soil-sensor.dir/home/sheldon/pico/pico-sdk/lib/cyw43-driver/src/cyw43_ctrl.c.obj
                0x200009f0                cyw43_state
 .bss.default_alarm_pool_entry_ids_high
                0x200012dc       0x10 CMakeFiles/soil-sensor.dir/home/sheldon/pico/pico-sdk/src/common/pico_time/time.c.obj
 .bss.default_alarm_pool_heap_nodes
                0x200012ec       0x30 CMakeFiles/soil-sensor.dir/home/sheldon/pico/pico-sdk/src/common/pico_time/time.c.obj
 .bss.drivers   0x2000131c        0x4 CMakeFiles/soil-sensor.dir/home/sheldon/pico/pico-sdk/src/rp2_common/pico_stdio/stdio.c.obj
 .bss.filter    0x20001320        0x4 CMakeFiles/soil-sensor.dir/home/sheldon/pico/pico-sdk/src/rp2_common/pico_stdio/stdio.c.obj
 .bss.lazy_vsnprintf
                0x20001324        0x4 CMakeFiles/soil-sensor.dir/home/sheldon/pico/pico-sdk/src/rp2_common/pico_printf/printf.c.obj
 .bss.pools     0x20001328       0x10 CMakeFiles/soil-sensor.dir/home/sheldon/pico/pico-sdk/src/common/pico_time/time.c.obj
 .bss.raw_irq_mask
                0x20001338        0x8 CMakeFiles/soil-sensor.dir/home/sheldon/pico/pico-sdk/src/rp2_common/hardware_gpio/gpio.c.obj
 .bss.retrieved_id
                0x20001340        0x8 CMakeFiles/soil-sensor.dir/home/sheldon/pico/pico-sdk/src/rp2_common/pico_unique_id/unique_id.c.obj
 .bss.sf_clz_func
                0x20001348        0x4 CMakeFiles/soil-sensor.dir/home/sheldon/pico/pico-sdk/src/rp2_common/pico_double/double_init_rom.c.obj
                0x20001348                sf_clz_func
 .bss.sf_table  0x2000134c      0x100 CMakeFiles/soil-sensor.dir/home/sheldon/pico/pico-sdk/src/rp2_common/pico_float/float_init_rom.c.obj
                0x2000134c                sf_table
 .bss.sleep_notifier
                0x2000144c        0x4 CMakeFiles/soil-sensor.dir/home/sheldon/pico/pico-sdk/src/common/pico_time/time.c.obj
 .bss.target_hi
                0x20001450       0x10 CMakeFiles/soil-sensor.dir/home/sheldon/pico/pico-sdk/src/rp2_common/hardware_timer/timer.c.obj
 .bss.uart_char_to_line_feed
                0x20001460        0x4 CMakeFiles/soil-sensor.dir/home/sheldon/pico/pico-sdk/src/rp2_common/hardware_uart/uart.c.obj
                0x20001460                uart_char_to_line_feed
 .bss.uart_instance
                0x20001464        0x4 CMakeFiles/soil-sensor.dir/home/sheldon/pico/pico-sdk/src/rp2_common/pico_stdio_uart/stdio_uart.c.obj
 .bss._claimed  0x20001468        0x2 CMakeFiles/soil-sensor.dir/home/sheldon/pico/pico-sdk/src/rp2_common/hardware_dma/dma.c.obj
 .bss.last_spi_int.0
                0x2000146a        0x2 CMakeFiles/soil-sensor.dir/home/sheldon/pico/pico-sdk/lib/cyw43-driver/src/cyw43_ll.c.obj
 .bss.boot2_copyout_valid
                0x2000146c        0x1 CMakeFiles/soil-sensor.dir/home/sheldon/pico/pico-sdk/src/rp2_common/hardware_flash/flash.c.obj
 .bss.claimed   0x2000146d        0x1 CMakeFiles/soil-sensor.dir/home/sheldon/pico/pico-sdk/src/rp2_common/hardware_timer/timer.c.obj
 .bss.claimed   0x2000146e        0x1 CMakeFiles/soil-sensor.dir/home/sheldon/pico/pico-sdk/src/rp2_common/hardware_pio/pio.c.obj
 .bss.irq_hander_chain_free_slot_head
                0x2000146f        0x1 CMakeFiles/soil-sensor.dir/home/sheldon/pico/pico-sdk/src/rp2_common/hardware_irq/irq.c.obj
 .bss.timer_callbacks_pending
                0x20001470        0x1 CMakeFiles/soil-sensor.dir/home/sheldon/pico/pico-sdk/src/rp2_common/hardware_timer/timer.c.obj
 .bss.user_irq_claimed
                0x20001471        0x1 CMakeFiles/soil-sensor.dir/home/sheldon/pico/pico-sdk/src/rp2_common/hardware_irq/irq.c.obj
 *(COMMON)
                0x20001474                . = ALIGN (0x4)
 *fill*         0x20001472        0x2 
                0x20001474                __bss_end__ = .

.heap           0x20001474      0x800
                0x20001474                __end__ = .
                0x20001474                end = __end__
 *(.heap*)
 .heap          0x20001474      0x800 CMakeFiles/soil-sensor.dir/home/sheldon/pico/pico-sdk/src/rp2_common/pico_standard_link/crt0.S.obj
                0x20001c74                __HeapLimit = .

.stack1_dummy
 *(.stack1*)

.stack_dummy    0x20041000      0x800
 *(.stack*)
 .stack         0x20041000      0x800 CMakeFiles/soil-sensor.dir/home/sheldon/pico/pico-sdk/src/rp2_common/pico_standard_link/crt0.S.obj

.flash_end      0x100405a8        0x0
                0x100405a8                PROVIDE (__flash_binary_end = .)
                0x20040000                __StackLimit = (ORIGIN (RAM) + LENGTH (RAM))
                0x20041000                __StackOneTop = (ORIGIN (SCRATCH_X) + LENGTH (SCRATCH_X))
                0x20042000                __StackTop = (ORIGIN (SCRATCH_Y) + LENGTH (SCRATCH_Y))
                0x20041000                __StackOneBottom = (__StackOneTop - SIZEOF (.stack1_dummy))
                0x20041800                __StackBottom = (__StackTop - SIZEOF (.stack_dummy))
                0x20042000                PROVIDE (__stack = __StackTop)
                0x00000001                ASSERT ((__StackLimit >= __HeapLimit), region RAM overflowed)
                0x00000001                ASSERT (((__binary_info_header_end - __logical_binary_start) <= 0x100), Binary info must be in first 256 bytes of the binary)
LOAD CMakeFiles/soil-sensor.dir/soil-sensor.c.obj
LOAD CMakeFiles/soil-sensor.dir/home/sheldon/pico/pico-sdk/src/rp2_common/pico_stdlib/stdlib.c.obj
LOAD CMakeFiles/soil-sensor.dir/home/sheldon/pico/pico-sdk/src/rp2_common/hardware_gpio/gpio.c.obj
LOAD CMakeFiles/soil-sensor.dir/home/sheldon/pico/pico-sdk/src/rp2_common/pico_platform/platform.c.obj
LOAD CMakeFiles/soil-sensor.dir/home/sheldon/pico/pico-sdk/src/rp2_common/hardware_claim/claim.c.obj
LOAD CMakeFiles/soil-sensor.dir/home/sheldon/pico/pico-sdk/src/rp2_common/hardware_sync/sync.c.obj
LOAD CMakeFiles/soil-sensor.dir/home/sheldon/pico/pico-sdk/src/rp2_common/hardware_irq/irq.c.obj
LOAD CMakeFiles/soil-sensor.dir/home/sheldon/pico/pico-sdk/src/rp2_common/hardware_irq/irq_handler_chain.S.obj
LOAD CMakeFiles/soil-sensor.dir/home/sheldon/pico/pico-sdk/src/common/pico_sync/sem.c.obj
LOAD CMakeFiles/soil-sensor.dir/home/sheldon/pico/pico-sdk/src/common/pico_sync/lock_core.c.obj
LOAD CMakeFiles/soil-sensor.dir/home/sheldon/pico/pico-sdk/src/common/pico_sync/mutex.c.obj
LOAD CMakeFiles/soil-sensor.dir/home/sheldon/pico/pico-sdk/src/common/pico_sync/critical_section.c.obj
LOAD CMakeFiles/soil-sensor.dir/home/sheldon/pico/pico-sdk/src/common/pico_time/time.c.obj
LOAD CMakeFiles/soil-sensor.dir/home/sheldon/pico/pico-sdk/src/common/pico_time/timeout_helper.c.obj
LOAD CMakeFiles/soil-sensor.dir/home/sheldon/pico/pico-sdk/src/rp2_common/hardware_timer/timer.c.obj
LOAD CMakeFiles/soil-sensor.dir/home/sheldon/pico/pico-sdk/src/common/pico_util/datetime.c.obj
LOAD CMakeFiles/soil-sensor.dir/home/sheldon/pico/pico-sdk/src/common/pico_util/pheap.c.obj
LOAD CMakeFiles/soil-sensor.dir/home/sheldon/pico/pico-sdk/src/common/pico_util/queue.c.obj
LOAD CMakeFiles/soil-sensor.dir/home/sheldon/pico/pico-sdk/src/rp2_common/hardware_uart/uart.c.obj
LOAD CMakeFiles/soil-sensor.dir/home/sheldon/pico/pico-sdk/src/rp2_common/hardware_clocks/clocks.c.obj
LOAD CMakeFiles/soil-sensor.dir/home/sheldon/pico/pico-sdk/src/rp2_common/hardware_pll/pll.c.obj
LOAD CMakeFiles/soil-sensor.dir/home/sheldon/pico/pico-sdk/src/rp2_common/hardware_vreg/vreg.c.obj
LOAD CMakeFiles/soil-sensor.dir/home/sheldon/pico/pico-sdk/src/rp2_common/hardware_watchdog/watchdog.c.obj
LOAD CMakeFiles/soil-sensor.dir/home/sheldon/pico/pico-sdk/src/rp2_common/hardware_xosc/xosc.c.obj
LOAD CMakeFiles/soil-sensor.dir/home/sheldon/pico/pico-sdk/src/rp2_common/hardware_divider/divider.S.obj
LOAD CMakeFiles/soil-sensor.dir/home/sheldon/pico/pico-sdk/src/rp2_common/pico_runtime/runtime.c.obj
LOAD CMakeFiles/soil-sensor.dir/home/sheldon/pico/pico-sdk/src/rp2_common/pico_printf/printf.c.obj
LOAD CMakeFiles/soil-sensor.dir/home/sheldon/pico/pico-sdk/src/rp2_common/pico_bit_ops/bit_ops_aeabi.S.obj
LOAD CMakeFiles/soil-sensor.dir/home/sheldon/pico/pico-sdk/src/rp2_common/pico_bootrom/bootrom.c.obj
LOAD CMakeFiles/soil-sensor.dir/home/sheldon/pico/pico-sdk/src/rp2_common/pico_divider/divider.S.obj
LOAD CMakeFiles/soil-sensor.dir/home/sheldon/pico/pico-sdk/src/rp2_common/pico_double/double_aeabi.S.obj
LOAD CMakeFiles/soil-sensor.dir/home/sheldon/pico/pico-sdk/src/rp2_common/pico_double/double_init_rom.c.obj
LOAD CMakeFiles/soil-sensor.dir/home/sheldon/pico/pico-sdk/src/rp2_common/pico_double/double_math.c.obj
LOAD CMakeFiles/soil-sensor.dir/home/sheldon/pico/pico-sdk/src/rp2_common/pico_double/double_v1_rom_shim.S.obj
LOAD CMakeFiles/soil-sensor.dir/home/sheldon/pico/pico-sdk/src/rp2_common/pico_int64_ops/pico_int64_ops_aeabi.S.obj
LOAD CMakeFiles/soil-sensor.dir/home/sheldon/pico/pico-sdk/src/rp2_common/pico_float/float_aeabi.S.obj
LOAD CMakeFiles/soil-sensor.dir/home/sheldon/pico/pico-sdk/src/rp2_common/pico_float/float_init_rom.c.obj
LOAD CMakeFiles/soil-sensor.dir/home/sheldon/pico/pico-sdk/src/rp2_common/pico_float/float_math.c.obj
LOAD CMakeFiles/soil-sensor.dir/home/sheldon/pico/pico-sdk/src/rp2_common/pico_float/float_v1_rom_shim.S.obj
LOAD CMakeFiles/soil-sensor.dir/home/sheldon/pico/pico-sdk/src/rp2_common/pico_malloc/pico_malloc.c.obj
LOAD CMakeFiles/soil-sensor.dir/home/sheldon/pico/pico-sdk/src/rp2_common/pico_mem_ops/mem_ops_aeabi.S.obj
LOAD CMakeFiles/soil-sensor.dir/home/sheldon/pico/pico-sdk/src/rp2_common/pico_standard_link/crt0.S.obj
LOAD CMakeFiles/soil-sensor.dir/home/sheldon/pico/pico-sdk/src/rp2_common/pico_standard_link/new_delete.cpp.obj
LOAD CMakeFiles/soil-sensor.dir/home/sheldon/pico/pico-sdk/src/rp2_common/pico_standard_link/binary_info.c.obj
LOAD CMakeFiles/soil-sensor.dir/home/sheldon/pico/pico-sdk/src/rp2_common/pico_stdio/stdio.c.obj
LOAD CMakeFiles/soil-sensor.dir/home/sheldon/pico/pico-sdk/src/rp2_common/pico_stdio_uart/stdio_uart.c.obj
LOAD CMakeFiles/soil-sensor.dir/home/sheldon/pico/pico-sdk/src/rp2_common/hardware_adc/adc.c.obj
LOAD CMakeFiles/soil-sensor.dir/home/sheldon/pico/pico-sdk/src/rp2_common/pico_cyw43_arch/cyw43_arch.c.obj
LOAD CMakeFiles/soil-sensor.dir/home/sheldon/pico/pico-sdk/src/rp2_common/pico_cyw43_arch/cyw43_arch_poll.c.obj
LOAD CMakeFiles/soil-sensor.dir/home/sheldon/pico/pico-sdk/src/rp2_common/pico_cyw43_arch/cyw43_arch_threadsafe_background.c.obj
LOAD CMakeFiles/soil-sensor.dir/home/sheldon/pico/pico-sdk/src/rp2_common/pico_cyw43_arch/cyw43_arch_freertos.c.obj
LOAD CMakeFiles/soil-sensor.dir/home/sheldon/pico/pico-sdk/src/rp2_common/pico_unique_id/unique_id.c.obj
LOAD CMakeFiles/soil-sensor.dir/home/sheldon/pico/pico-sdk/src/rp2_common/hardware_flash/flash.c.obj
LOAD CMakeFiles/soil-sensor.dir/home/sheldon/pico/pico-sdk/src/rp2_common/pico_cyw43_driver/cyw43_bus_pio_spi.c.obj
LOAD CMakeFiles/soil-sensor.dir/home/sheldon/pico/pico-sdk/lib/cyw43-driver/src/cyw43_ll.c.obj
LOAD CMakeFiles/soil-sensor.dir/home/sheldon/pico/pico-sdk/lib/cyw43-driver/src/cyw43_stats.c.obj
LOAD CMakeFiles/soil-sensor.dir/home/sheldon/pico/pico-sdk/lib/cyw43-driver/src/cyw43_lwip.c.obj
LOAD CMakeFiles/soil-sensor.dir/home/sheldon/pico/pico-sdk/lib/cyw43-driver/src/cyw43_ctrl.c.obj
LOAD CMakeFiles/soil-sensor.dir/home/sheldon/pico/pico-sdk/src/rp2_common/pico_cyw43_driver/cybt_shared_bus/cybt_shared_bus.c.obj
LOAD CMakeFiles/soil-sensor.dir/home/sheldon/pico/pico-sdk/src/rp2_common/pico_cyw43_driver/cybt_shared_bus/cybt_shared_bus_driver.c.obj
LOAD CMakeFiles/soil-sensor.dir/home/sheldon/pico/pico-sdk/src/rp2_common/hardware_pio/pio.c.obj
LOAD CMakeFiles/soil-sensor.dir/home/sheldon/pico/pico-sdk/src/rp2_common/hardware_dma/dma.c.obj
LOAD CMakeFiles/soil-sensor.dir/home/sheldon/pico/pico-sdk/src/rp2_common/hardware_exception/exception.c.obj
LOAD CMakeFiles/soil-sensor.dir/home/sheldon/pico/pico-sdk/src/rp2_common/pico_cyw43_driver/cyw43_driver.c.obj
LOAD CMakeFiles/soil-sensor.dir/home/sheldon/pico/pico-sdk/src/rp2_common/pico_async_context/async_context_threadsafe_background.c.obj
LOAD CMakeFiles/soil-sensor.dir/home/sheldon/pico/pico-sdk/src/rp2_common/pico_async_context/async_context_base.c.obj
LOAD /tmp/cc4tzIbn.o
LOAD /usr/lib/gcc/arm-none-eabi/12.2.1/../../../arm-none-eabi/lib/thumb/v6-m/nofp/libstdc++.a
LOAD /usr/lib/gcc/arm-none-eabi/12.2.1/../../../arm-none-eabi/lib/thumb/v6-m/nofp/libm.a
START GROUP
LOAD /usr/lib/gcc/arm-none-eabi/12.2.1/thumb/v6-m/nofp/libgcc.a
LOAD /usr/lib/gcc/arm-none-eabi/12.2.1/../../../arm-none-eabi/lib/thumb/v6-m/nofp/libc.a
END GROUP
START GROUP
LOAD /usr/lib/gcc/arm-none-eabi/12.2.1/thumb/v6-m/nofp/libgcc.a
LOAD /usr/lib/gcc/arm-none-eabi/12.2.1/../../../arm-none-eabi/lib/thumb/v6-m/nofp/libc.a
LOAD /usr/lib/gcc/arm-none-eabi/12.2.1/../../../arm-none-eabi/lib/thumb/v6-m/nofp/libnosys.a
END GROUP
LOAD /usr/lib/gcc/arm-none-eabi/12.2.1/thumb/v6-m/nofp/crtend.o
LOAD /usr/lib/gcc/arm-none-eabi/12.2.1/thumb/v6-m/nofp/crtn.o
OUTPUT(soil-sensor.elf elf32-littlearm)
LOAD linker stubs

.ARM.attributes
                0x00000000       0x28
 .ARM.attributes
                0x00000000       0x1e /usr/lib/gcc/arm-none-eabi/12.2.1/thumb/v6-m/nofp/crti.o
 .ARM.attributes
                0x0000001e       0x2c /usr/lib/gcc/arm-none-eabi/12.2.1/thumb/v6-m/nofp/crtbegin.o
 .ARM.attributes
                0x0000004a       0x2c CMakeFiles/soil-sensor.dir/soil-sensor.c.obj
 .ARM.attributes
                0x00000076       0x2c CMakeFiles/soil-sensor.dir/home/sheldon/pico/pico-sdk/src/rp2_common/hardware_gpio/gpio.c.obj
 .ARM.attributes
                0x000000a2       0x2c CMakeFiles/soil-sensor.dir/home/sheldon/pico/pico-sdk/src/rp2_common/pico_platform/platform.c.obj
 .ARM.attributes
                0x000000ce       0x2c CMakeFiles/soil-sensor.dir/home/sheldon/pico/pico-sdk/src/rp2_common/hardware_claim/claim.c.obj
 .ARM.attributes
                0x000000fa       0x2c CMakeFiles/soil-sensor.dir/home/sheldon/pico/pico-sdk/src/rp2_common/hardware_sync/sync.c.obj
 .ARM.attributes
                0x00000126       0x2c CMakeFiles/soil-sensor.dir/home/sheldon/pico/pico-sdk/src/rp2_common/hardware_irq/irq.c.obj
 .ARM.attributes
                0x00000152       0x22 CMakeFiles/soil-sensor.dir/home/sheldon/pico/pico-sdk/src/rp2_common/hardware_irq/irq_handler_chain.S.obj
 .ARM.attributes
                0x00000174       0x2c CMakeFiles/soil-sensor.dir/home/sheldon/pico/pico-sdk/src/common/pico_sync/sem.c.obj
 .ARM.attributes
                0x000001a0       0x2c CMakeFiles/soil-sensor.dir/home/sheldon/pico/pico-sdk/src/common/pico_sync/lock_core.c.obj
 .ARM.attributes
                0x000001cc       0x2c CMakeFiles/soil-sensor.dir/home/sheldon/pico/pico-sdk/src/common/pico_sync/mutex.c.obj
 .ARM.attributes
                0x000001f8       0x2c CMakeFiles/soil-sensor.dir/home/sheldon/pico/pico-sdk/src/common/pico_time/time.c.obj
 .ARM.attributes
                0x00000224       0x2c CMakeFiles/soil-sensor.dir/home/sheldon/pico/pico-sdk/src/rp2_common/hardware_timer/timer.c.obj
 .ARM.attributes
                0x00000250       0x2c CMakeFiles/soil-sensor.dir/home/sheldon/pico/pico-sdk/src/common/pico_util/pheap.c.obj
 .ARM.attributes
                0x0000027c       0x2c CMakeFiles/soil-sensor.dir/home/sheldon/pico/pico-sdk/src/rp2_common/hardware_uart/uart.c.obj
 .ARM.attributes
                0x000002a8       0x2c CMakeFiles/soil-sensor.dir/home/sheldon/pico/pico-sdk/src/rp2_common/hardware_clocks/clocks.c.obj
 .ARM.attributes
                0x000002d4       0x2c CMakeFiles/soil-sensor.dir/home/sheldon/pico/pico-sdk/src/rp2_common/hardware_pll/pll.c.obj
 .ARM.attributes
                0x00000300       0x2c CMakeFiles/soil-sensor.dir/home/sheldon/pico/pico-sdk/src/rp2_common/hardware_watchdog/watchdog.c.obj
 .ARM.attributes
                0x0000032c       0x2c CMakeFiles/soil-sensor.dir/home/sheldon/pico/pico-sdk/src/rp2_common/hardware_xosc/xosc.c.obj
 .ARM.attributes
                0x00000358       0x2c CMakeFiles/soil-sensor.dir/home/sheldon/pico/pico-sdk/src/rp2_common/pico_runtime/runtime.c.obj
 .ARM.attributes
                0x00000384       0x2c CMakeFiles/soil-sensor.dir/home/sheldon/pico/pico-sdk/src/rp2_common/pico_printf/printf.c.obj
 .ARM.attributes
                0x000003b0       0x22 CMakeFiles/soil-sensor.dir/home/sheldon/pico/pico-sdk/src/rp2_common/pico_bit_ops/bit_ops_aeabi.S.obj
 .ARM.attributes
                0x000003d2       0x2c CMakeFiles/soil-sensor.dir/home/sheldon/pico/pico-sdk/src/rp2_common/pico_bootrom/bootrom.c.obj
 .ARM.attributes
                0x000003fe       0x22 CMakeFiles/soil-sensor.dir/home/sheldon/pico/pico-sdk/src/rp2_common/pico_divider/divider.S.obj
 .ARM.attributes
                0x00000420       0x22 CMakeFiles/soil-sensor.dir/home/sheldon/pico/pico-sdk/src/rp2_common/pico_double/double_aeabi.S.obj
 .ARM.attributes
                0x00000442       0x2c CMakeFiles/soil-sensor.dir/home/sheldon/pico/pico-sdk/src/rp2_common/pico_double/double_init_rom.c.obj
 .ARM.attributes
                0x0000046e       0x22 CMakeFiles/soil-sensor.dir/home/sheldon/pico/pico-sdk/src/rp2_common/pico_double/double_v1_rom_shim.S.obj
 .ARM.attributes
                0x00000490       0x22 CMakeFiles/soil-sensor.dir/home/sheldon/pico/pico-sdk/src/rp2_common/pico_int64_ops/pico_int64_ops_aeabi.S.obj
 .ARM.attributes
                0x000004b2       0x22 CMakeFiles/soil-sensor.dir/home/sheldon/pico/pico-sdk/src/rp2_common/pico_float/float_aeabi.S.obj
 .ARM.attributes
                0x000004d4       0x2c CMakeFiles/soil-sensor.dir/home/sheldon/pico/pico-sdk/src/rp2_common/pico_float/float_init_rom.c.obj
 .ARM.attributes
                0x00000500       0x22 CMakeFiles/soil-sensor.dir/home/sheldon/pico/pico-sdk/src/rp2_common/pico_mem_ops/mem_ops_aeabi.S.obj
 .ARM.attributes
                0x00000522       0x22 CMakeFiles/soil-sensor.dir/home/sheldon/pico/pico-sdk/src/rp2_common/pico_standard_link/crt0.S.obj